Archive member included to satisfy reference by file (symbol)

e:/_tool/arm-gnu-toolchain-12.2.mpacbti-rel1-mingw-w64-i686-arm-none-eabi/bin/../lib/gcc/arm-none-eabi/12.2.1/thumb/v7e-m+dp/hard\libstdc++_nano.a(new_op.o)
                              CMakeFiles/DEMO.dir/User/TMC2209.cpp.obj (operator new(unsigned int))
e:/_tool/arm-gnu-toolchain-12.2.mpacbti-rel1-mingw-w64-i686-arm-none-eabi/bin/../lib/gcc/arm-none-eabi/12.2.1/thumb/v7e-m+dp/hard\libstdc++_nano.a(new_handler.o)
                              e:/_tool/arm-gnu-toolchain-12.2.mpacbti-rel1-mingw-w64-i686-arm-none-eabi/bin/../lib/gcc/arm-none-eabi/12.2.1/thumb/v7e-m+dp/hard\libstdc++_nano.a(new_op.o) (std::get_new_handler())
e:/_tool/arm-gnu-toolchain-12.2.mpacbti-rel1-mingw-w64-i686-arm-none-eabi/bin/../lib/gcc/arm-none-eabi/12.2.1/thumb/v7e-m+dp/hard\libc_nano.a(libc_a-abort.o)
                              e:/_tool/arm-gnu-toolchain-12.2.mpacbti-rel1-mingw-w64-i686-arm-none-eabi/bin/../lib/gcc/arm-none-eabi/12.2.1/thumb/v7e-m+dp/hard\libstdc++_nano.a(new_op.o) (abort)
e:/_tool/arm-gnu-toolchain-12.2.mpacbti-rel1-mingw-w64-i686-arm-none-eabi/bin/../lib/gcc/arm-none-eabi/12.2.1/thumb/v7e-m+dp/hard\libc_nano.a(libc_a-exit.o)
                              e:/_tool/arm-gnu-toolchain-12.2.mpacbti-rel1-mingw-w64-i686-arm-none-eabi/bin/../lib/gcc/arm-none-eabi/12.2.1/thumb/v7e-m+dp/hard/crt0.o (exit)
e:/_tool/arm-gnu-toolchain-12.2.mpacbti-rel1-mingw-w64-i686-arm-none-eabi/bin/../lib/gcc/arm-none-eabi/12.2.1/thumb/v7e-m+dp/hard\libc_nano.a(libc_a-malloc.o)
                              e:/_tool/arm-gnu-toolchain-12.2.mpacbti-rel1-mingw-w64-i686-arm-none-eabi/bin/../lib/gcc/arm-none-eabi/12.2.1/thumb/v7e-m+dp/hard\libstdc++_nano.a(new_op.o) (malloc)
e:/_tool/arm-gnu-toolchain-12.2.mpacbti-rel1-mingw-w64-i686-arm-none-eabi/bin/../lib/gcc/arm-none-eabi/12.2.1/thumb/v7e-m+dp/hard\libc_nano.a(libc_a-mallocr.o)
                              e:/_tool/arm-gnu-toolchain-12.2.mpacbti-rel1-mingw-w64-i686-arm-none-eabi/bin/../lib/gcc/arm-none-eabi/12.2.1/thumb/v7e-m+dp/hard\libc_nano.a(libc_a-malloc.o) (_malloc_r)
e:/_tool/arm-gnu-toolchain-12.2.mpacbti-rel1-mingw-w64-i686-arm-none-eabi/bin/../lib/gcc/arm-none-eabi/12.2.1/thumb/v7e-m+dp/hard\libc_nano.a(libc_a-mlock.o)
                              e:/_tool/arm-gnu-toolchain-12.2.mpacbti-rel1-mingw-w64-i686-arm-none-eabi/bin/../lib/gcc/arm-none-eabi/12.2.1/thumb/v7e-m+dp/hard\libc_nano.a(libc_a-mallocr.o) (__malloc_lock)
e:/_tool/arm-gnu-toolchain-12.2.mpacbti-rel1-mingw-w64-i686-arm-none-eabi/bin/../lib/gcc/arm-none-eabi/12.2.1/thumb/v7e-m+dp/hard\libc_nano.a(libc_a-findfp.o)
                              e:/_tool/arm-gnu-toolchain-12.2.mpacbti-rel1-mingw-w64-i686-arm-none-eabi/bin/../lib/gcc/arm-none-eabi/12.2.1/thumb/v7e-m+dp/hard\libc_nano.a(libc_a-exit.o) (__stdio_exit_handler)
e:/_tool/arm-gnu-toolchain-12.2.mpacbti-rel1-mingw-w64-i686-arm-none-eabi/bin/../lib/gcc/arm-none-eabi/12.2.1/thumb/v7e-m+dp/hard\libc_nano.a(libc_a-fwalk.o)
                              e:/_tool/arm-gnu-toolchain-12.2.mpacbti-rel1-mingw-w64-i686-arm-none-eabi/bin/../lib/gcc/arm-none-eabi/12.2.1/thumb/v7e-m+dp/hard\libc_nano.a(libc_a-findfp.o) (_fwalk_sglue)
e:/_tool/arm-gnu-toolchain-12.2.mpacbti-rel1-mingw-w64-i686-arm-none-eabi/bin/../lib/gcc/arm-none-eabi/12.2.1/thumb/v7e-m+dp/hard\libc_nano.a(libc_a-stdio.o)
                              e:/_tool/arm-gnu-toolchain-12.2.mpacbti-rel1-mingw-w64-i686-arm-none-eabi/bin/../lib/gcc/arm-none-eabi/12.2.1/thumb/v7e-m+dp/hard\libc_nano.a(libc_a-findfp.o) (__sread)
e:/_tool/arm-gnu-toolchain-12.2.mpacbti-rel1-mingw-w64-i686-arm-none-eabi/bin/../lib/gcc/arm-none-eabi/12.2.1/thumb/v7e-m+dp/hard\libc_nano.a(libc_a-memset.o)
                              e:/_tool/arm-gnu-toolchain-12.2.mpacbti-rel1-mingw-w64-i686-arm-none-eabi/bin/../lib/gcc/arm-none-eabi/12.2.1/thumb/v7e-m+dp/hard/crt0.o (memset)
e:/_tool/arm-gnu-toolchain-12.2.mpacbti-rel1-mingw-w64-i686-arm-none-eabi/bin/../lib/gcc/arm-none-eabi/12.2.1/thumb/v7e-m+dp/hard\libc_nano.a(libc_a-signal.o)
                              e:/_tool/arm-gnu-toolchain-12.2.mpacbti-rel1-mingw-w64-i686-arm-none-eabi/bin/../lib/gcc/arm-none-eabi/12.2.1/thumb/v7e-m+dp/hard\libc_nano.a(libc_a-abort.o) (raise)
e:/_tool/arm-gnu-toolchain-12.2.mpacbti-rel1-mingw-w64-i686-arm-none-eabi/bin/../lib/gcc/arm-none-eabi/12.2.1/thumb/v7e-m+dp/hard\libc_nano.a(libc_a-closer.o)
                              e:/_tool/arm-gnu-toolchain-12.2.mpacbti-rel1-mingw-w64-i686-arm-none-eabi/bin/../lib/gcc/arm-none-eabi/12.2.1/thumb/v7e-m+dp/hard\libc_nano.a(libc_a-stdio.o) (_close_r)
e:/_tool/arm-gnu-toolchain-12.2.mpacbti-rel1-mingw-w64-i686-arm-none-eabi/bin/../lib/gcc/arm-none-eabi/12.2.1/thumb/v7e-m+dp/hard\libc_nano.a(libc_a-reent.o)
                              e:/_tool/arm-gnu-toolchain-12.2.mpacbti-rel1-mingw-w64-i686-arm-none-eabi/bin/../lib/gcc/arm-none-eabi/12.2.1/thumb/v7e-m+dp/hard\libc_nano.a(libc_a-closer.o) (errno)
[...]
Memory Configuration

Name             Origin             Length             Attributes
DTCMRAM          0x20000000         0x00020000         xrw
RAM              0x24000000         0x00020000         xrw
RAM_D2           0x30000000         0x00008000         xrw
RAM_D3           0x38000000         0x00004000         xrw
ITCMRAM          0x00000000         0x00010000         xrw
FLASH            0x08000000         0x00080000         xr
*default*        0x00000000         0xffffffff

Linker script and memory map

LOAD e:/_tool/arm-gnu-toolchain-12.2.mpacbti-rel1-mingw-w64-i686-arm-none-eabi/bin/../lib/gcc/arm-none-eabi/12.2.1/thumb/v7e-m+dp/hard/crti.o
LOAD e:/_tool/arm-gnu-toolchain-12.2.mpacbti-rel1-mingw-w64-i686-arm-none-eabi/bin/../lib/gcc/arm-none-eabi/12.2.1/thumb/v7e-m+dp/hard/crtbegin.o
LOAD e:/_tool/arm-gnu-toolchain-12.2.mpacbti-rel1-mingw-w64-i686-arm-none-eabi/bin/../lib/gcc/arm-none-eabi/12.2.1/thumb/v7e-m+dp/hard/crt0.o
START GROUP
END GROUP
START GROUP
LOAD e:/_tool/arm-gnu-toolchain-12.2.mpacbti-rel1-mingw-w64-i686-arm-none-eabi/bin/../lib/gcc/arm-none-eabi/12.2.1/thumb/v7e-m+dp/hard\libstdc++_nano.a
LOAD e:/_tool/arm-gnu-toolchain-12.2.mpacbti-rel1-mingw-w64-i686-arm-none-eabi/bin/../lib/gcc/arm-none-eabi/12.2.1/thumb/v7e-m+dp/hard\libsupc++_nano.a
END GROUP
LOAD CMakeFiles/DEMO.dir/User/TMC2209.cpp.obj
LOAD CMakeFiles/DEMO.dir/User/gpio_bitbang_uart.cpp.obj
LOAD CMakeFiles/DEMO.dir/Core/Src/main.cpp.obj
LOAD CMakeFiles/DEMO.dir/Core/Src/gpio.c.obj
LOAD CMakeFiles/DEMO.dir/Core/Src/memorymap.c.obj
LOAD CMakeFiles/DEMO.dir/Core/Src/tim.c.obj
LOAD CMakeFiles/DEMO.dir/Core/Src/usart.c.obj
LOAD CMakeFiles/DEMO.dir/Core/Src/stm32h7xx_it.c.obj
LOAD CMakeFiles/DEMO.dir/Core/Src/stm32h7xx_hal_msp.c.obj
LOAD CMakeFiles/DEMO.dir/Core/Src/stm32h7xx_hal_timebase_tim.c.obj
LOAD CMakeFiles/DEMO.dir/Drivers/STM32H7xx_HAL_Driver/Src/stm32h7xx_hal_cortex.c.obj
LOAD CMakeFiles/DEMO.dir/Drivers/STM32H7xx_HAL_Driver/Src/stm32h7xx_hal_rcc.c.obj
LOAD CMakeFiles/DEMO.dir/Drivers/STM32H7xx_HAL_Driver/Src/stm32h7xx_hal_rcc_ex.c.obj
LOAD CMakeFiles/DEMO.dir/Drivers/STM32H7xx_HAL_Driver/Src/stm32h7xx_hal_flash.c.obj
LOAD CMakeFiles/DEMO.dir/Drivers/STM32H7xx_HAL_Driver/Src/stm32h7xx_hal_flash_ex.c.obj
LOAD CMakeFiles/DEMO.dir/Drivers/STM32H7xx_HAL_Driver/Src/stm32h7xx_hal_gpio.c.obj
LOAD CMakeFiles/DEMO.dir/Drivers/STM32H7xx_HAL_Driver/Src/stm32h7xx_hal_hsem.c.obj
LOAD CMakeFiles/DEMO.dir/Drivers/STM32H7xx_HAL_Driver/Src/stm32h7xx_hal_dma.c.obj
LOAD CMakeFiles/DEMO.dir/Drivers/STM32H7xx_HAL_Driver/Src/stm32h7xx_hal_dma_ex.c.obj
LOAD CMakeFiles/DEMO.dir/Drivers/STM32H7xx_HAL_Driver/Src/stm32h7xx_hal_mdma.c.obj
LOAD CMakeFiles/DEMO.dir/Drivers/STM32H7xx_HAL_Driver/Src/stm32h7xx_hal_pwr.c.obj
LOAD CMakeFiles/DEMO.dir/Drivers/STM32H7xx_HAL_Driver/Src/stm32h7xx_hal_pwr_ex.c.obj
LOAD CMakeFiles/DEMO.dir/Drivers/STM32H7xx_HAL_Driver/Src/stm32h7xx_hal.c.obj
LOAD CMakeFiles/DEMO.dir/Drivers/STM32H7xx_HAL_Driver/Src/stm32h7xx_hal_i2c.c.obj
LOAD CMakeFiles/DEMO.dir/Drivers/STM32H7xx_HAL_Driver/Src/stm32h7xx_hal_i2c_ex.c.obj
LOAD CMakeFiles/DEMO.dir/Drivers/STM32H7xx_HAL_Driver/Src/stm32h7xx_hal_exti.c.obj
LOAD CMakeFiles/DEMO.dir/Drivers/STM32H7xx_HAL_Driver/Src/stm32h7xx_hal_tim.c.obj
LOAD CMakeFiles/DEMO.dir/Drivers/STM32H7xx_HAL_Driver/Src/stm32h7xx_hal_tim_ex.c.obj
LOAD CMakeFiles/DEMO.dir/Drivers/STM32H7xx_HAL_Driver/Src/stm32h7xx_hal_uart.c.obj
LOAD CMakeFiles/DEMO.dir/Drivers/STM32H7xx_HAL_Driver/Src/stm32h7xx_hal_uart_ex.c.obj
LOAD CMakeFiles/DEMO.dir/Core/Src/system_stm32h7xx.c.obj
LOAD CMakeFiles/DEMO.dir/Core/Src/sysmem.c.obj
LOAD CMakeFiles/DEMO.dir/Core/Src/syscalls.c.obj
LOAD CMakeFiles/DEMO.dir/startup_stm32h723xx.s.obj
LOAD e:/_tool/arm-gnu-toolchain-12.2.mpacbti-rel1-mingw-w64-i686-arm-none-eabi/bin/../lib/gcc/arm-none-eabi/12.2.1/thumb/v7e-m+dp/hard\libstdc++_nano.a
LOAD e:/_tool/arm-gnu-toolchain-12.2.mpacbti-rel1-mingw-w64-i686-arm-none-eabi/bin/../lib/gcc/arm-none-eabi/12.2.1/thumb/v7e-m+dp/hard\libm.a
LOAD e:/_tool/arm-gnu-toolchain-12.2.mpacbti-rel1-mingw-w64-i686-arm-none-eabi/bin/../lib/gcc/arm-none-eabi/12.2.1/thumb/v7e-m+dp/hard\libc_nano.a
START GROUP
LOAD e:/_tool/arm-gnu-toolchain-12.2.mpacbti-rel1-mingw-w64-i686-arm-none-eabi/bin/../lib/gcc/arm-none-eabi/12.2.1/thumb/v7e-m+dp/hard\libgcc.a
LOAD e:/_tool/arm-gnu-toolchain-12.2.mpacbti-rel1-mingw-w64-i686-arm-none-eabi/bin/../lib/gcc/arm-none-eabi/12.2.1/thumb/v7e-m+dp/hard\libg_nano.a
LOAD e:/_tool/arm-gnu-toolchain-12.2.mpacbti-rel1-mingw-w64-i686-arm-none-eabi/bin/../lib/gcc/arm-none-eabi/12.2.1/thumb/v7e-m+dp/hard\libc_nano.a
END GROUP
START GROUP
LOAD e:/_tool/arm-gnu-toolchain-12.2.mpacbti-rel1-mingw-w64-i686-arm-none-eabi/bin/../lib/gcc/arm-none-eabi/12.2.1/thumb/v7e-m+dp/hard\libgcc.a
LOAD e:/_tool/arm-gnu-toolchain-12.2.mpacbti-rel1-mingw-w64-i686-arm-none-eabi/bin/../lib/gcc/arm-none-eabi/12.2.1/thumb/v7e-m+dp/hard\libc_nano.a
END GROUP
LOAD e:/_tool/arm-gnu-toolchain-12.2.mpacbti-rel1-mingw-w64-i686-arm-none-eabi/bin/../lib/gcc/arm-none-eabi/12.2.1/thumb/v7e-m+dp/hard/crtend.o
LOAD e:/_tool/arm-gnu-toolchain-12.2.mpacbti-rel1-mingw-w64-i686-arm-none-eabi/bin/../lib/gcc/arm-none-eabi/12.2.1/thumb/v7e-m+dp/hard/crtn.o
                0x20020000                        _estack = (ORIGIN (DTCMRAM) + LENGTH (DTCMRAM))
                0x00000200                        _Min_Heap_Size = 0x200
                0x00001000                        _Min_Stack_Size = 0x1000

.isr_vector     0x08000000      0x2cc
                0x08000000                        . = ALIGN (0x4)
 *(.isr_vector)
 .isr_vector    0x08000000      0x2cc CMakeFiles/DEMO.dir/startup_stm32h723xx.s.obj
                0x08000000                g_pfnVectors
                0x080002cc                        . = ALIGN (0x4)

.text           0x080002d0     0x78b8
                0x080002d0                        . = ALIGN (0x4)
 *(.text)
 .text          0x080002d0       0x30 e:/_tool/arm-gnu-toolchain-12.2.mpacbti-rel1-mingw-w64-i686-arm-none-eabi/bin/../lib/gcc/arm-none-eabi/12.2.1/thumb/v7e-m+dp/hard\libgcc.a(_aeabi_uldivmod.o)
                0x080002d0                __aeabi_uldivmod
 .text          0x08000300        0x4 e:/_tool/arm-gnu-toolchain-12.2.mpacbti-rel1-mingw-w64-i686-arm-none-eabi/bin/../lib/gcc/arm-none-eabi/12.2.1/thumb/v7e-m+dp/hard\libgcc.a(_dvmd_tls.o)
                0x08000300                __aeabi_idiv0
                0x08000300                __aeabi_ldiv0
 *(.text*)
 .text.deregister_tm_clones
                0x08000304       0x1c e:/_tool/arm-gnu-toolchain-12.2.mpacbti-rel1-mingw-w64-i686-arm-none-eabi/bin/../lib/gcc/arm-none-eabi/12.2.1/thumb/v7e-m+dp/hard/crtbegin.o
 .text.register_tm_clones
                0x08000320       0x24 e:/_tool/arm-gnu-toolchain-12.2.mpacbti-rel1-mingw-w64-i686-arm-none-eabi/bin/../lib/gcc/arm-none-eabi/12.2.1/thumb/v7e-m+dp/hard/crtbegin.o
 .text.__do_global_dtors_aux
                0x08000344       0x28 e:/_tool/arm-gnu-toolchain-12.2.mpacbti-rel1-mingw-w64-i686-arm-none-eabi/bin/../lib/gcc/arm-none-eabi/12.2.1/thumb/v7e-m+dp/hard/crtbegin.o
 .text.frame_dummy
                0x0800036c       0x24 e:/_tool/arm-gnu-toolchain-12.2.mpacbti-rel1-mingw-w64-i686-arm-none-eabi/bin/../lib/gcc/arm-none-eabi/12.2.1/thumb/v7e-m+dp/hard/crtbegin.o
 .text._ZN7TMC2209L12calculateCRCEPKhj
                0x08000390       0x7a CMakeFiles/DEMO.dir/User/TMC2209.cpp.obj
 *fill*         0x0800040a        0x2 
 .text._ZN7TMC220916initializeMotorsEv
                0x0800040c      0x164 CMakeFiles/DEMO.dir/User/TMC2209.cpp.obj
                0x0800040c                TMC2209::initializeMotors()
 .text._ZN7TMC22095MotorC2EPN11BitBangUART16GPIO_BitBangUARTEP17TIM_HandleTypeDefmP12GPIO_TypeDeftS7_tS7_thh
                0x08000570       0x7a CMakeFiles/DEMO.dir/User/TMC2209.cpp.obj
                0x08000570                TMC2209::Motor::Motor(BitBangUART::GPIO_BitBangUART*, TIM_HandleTypeDef*, unsigned long, GPIO_TypeDef*, unsigned short, GPIO_TypeDef*, unsigned short, GPIO_TypeDef*, unsigned short, unsigned char, unsigned char)
                0x08000570                TMC2209::Motor::Motor(BitBangUART::GPIO_BitBangUART*, TIM_HandleTypeDef*, unsigned long, GPIO_TypeDef*, unsigned short, GPIO_TypeDef*, unsigned short, GPIO_TypeDef*, unsigned short, unsigned char, unsigned char)
 .text._ZN7TMC22095Motor5startEv
                0x080005ea       0x30 CMakeFiles/DEMO.dir/User/TMC2209.cpp.obj
                0x080005ea                TMC2209::Motor::start()
 .text._ZN7TMC22095Motor4stopEv
                0x0800061a       0x30 CMakeFiles/DEMO.dir/User/TMC2209.cpp.obj
                0x0800061a                TMC2209::Motor::stop()
 .text._ZN7TMC22095Motor4stepEm13GPIO_PinState
                0x0800064a       0x34 CMakeFiles/DEMO.dir/User/TMC2209.cpp.obj
                0x0800064a                TMC2209::Motor::step(unsigned long, GPIO_PinState)
 *fill*         0x0800067e        0x2 
 .text._ZN7TMC22095Motor6stepmlEt13GPIO_PinState
                0x08000680       0x48 CMakeFiles/DEMO.dir/User/TMC2209.cpp.obj
                0x08000680                TMC2209::Motor::stepml(unsigned short, GPIO_PinState)
 .text._ZN7TMC22095Motor12setDirectionE13GPIO_PinState
                0x080006c8       0x24 CMakeFiles/DEMO.dir/User/TMC2209.cpp.obj
                0x080006c8                TMC2209::Motor::setDirection(GPIO_PinState)
 .text._ZN7TMC22095Motor12enableDriverE13GPIO_PinState
                0x080006ec       0x24 CMakeFiles/DEMO.dir/User/TMC2209.cpp.obj
                0x080006ec                TMC2209::Motor::enableDriver(GPIO_PinState)
 .text._ZN7TMC22095Motor8setSpeedEm
                0x08000710       0xc2 CMakeFiles/DEMO.dir/User/TMC2209.cpp.obj
                0x08000710                TMC2209::Motor::setSpeed(unsigned long)
 .text._ZN7TMC22095Motor10countStepsEm
                0x080007d2       0x36 CMakeFiles/DEMO.dir/User/TMC2209.cpp.obj
                0x080007d2                TMC2209::Motor::countSteps(unsigned long)
 .text._ZNK7TMC22095Motor13writeRegisterEhl
                0x08000808       0x70 CMakeFiles/DEMO.dir/User/TMC2209.cpp.obj
                0x08000808                TMC2209::Motor::writeRegister(unsigned char, long) const
 .text._ZN7TMC22095Motor14setSpreadCycleEb
                0x08000878       0x3c CMakeFiles/DEMO.dir/User/TMC2209.cpp.obj
                0x08000878                TMC2209::Motor::setSpreadCycle(bool)
 .text._ZN7TMC22095Motor26setMicrosteppingResolutionEt
                0x080008b4      0x11c CMakeFiles/DEMO.dir/User/TMC2209.cpp.obj
                0x080008b4                TMC2209::Motor::setMicrosteppingResolution(unsigned short)
 .text._ZN7TMC22095Motor7setIRUNEh
                0x080009d0       0x40 CMakeFiles/DEMO.dir/User/TMC2209.cpp.obj
                0x080009d0                TMC2209::Motor::setIRUN(unsigned char)
 .text._ZN7TMC22095Motor14configureGCONFEv
                0x08000a10       0x26 CMakeFiles/DEMO.dir/User/TMC2209.cpp.obj
                0x08000a10                TMC2209::Motor::configureGCONF()
 *fill*         0x08000a36        0x2 
 .text.HAL_TIM_PWM_PulseFinishedCallback
                0x08000a38       0x5c CMakeFiles/DEMO.dir/User/TMC2209.cpp.obj
                0x08000a38                HAL_TIM_PWM_PulseFinishedCallback
 .text._Z41__static_initialization_and_destruction_0ii
                0x08000a94       0x64 CMakeFiles/DEMO.dir/User/TMC2209.cpp.obj
 .text._GLOBAL__sub_I__ZN7TMC22096motorsE
                0x08000af8       0x10 CMakeFiles/DEMO.dir/User/TMC2209.cpp.obj
 .text._ZN11BitBangUART14dwt_delay_initEv
                0x08000b08       0x34 CMakeFiles/DEMO.dir/User/gpio_bitbang_uart.cpp.obj
                0x08000b08                BitBangUART::dwt_delay_init()
 .text._ZN11BitBangUART8delay_usEm
                0x08000b3c       0x58 CMakeFiles/DEMO.dir/User/gpio_bitbang_uart.cpp.obj
                0x08000b3c                BitBangUART::delay_us(unsigned long)
 .text._ZN11BitBangUART16GPIO_BitBangUART15gpio_set_outputEP12GPIO_TypeDeft13GPIO_PinState
                0x08000b94       0x50 CMakeFiles/DEMO.dir/User/gpio_bitbang_uart.cpp.obj
                0x08000b94                BitBangUART::GPIO_BitBangUART::gpio_set_output(GPIO_TypeDef*, unsigned short, GPIO_PinState)
 .text._ZN11BitBangUART16GPIO_BitBangUART21gpio_set_input_pullupEP12GPIO_TypeDeft
                0x08000be4       0x40 CMakeFiles/DEMO.dir/User/gpio_bitbang_uart.cpp.obj
                0x08000be4                BitBangUART::GPIO_BitBangUART::gpio_set_input_pullup(GPIO_TypeDef*, unsigned short)
 .text._ZN11BitBangUART16GPIO_BitBangUARTC2EP12GPIO_TypeDeftm
                0x08000c24       0x38 CMakeFiles/DEMO.dir/User/gpio_bitbang_uart.cpp.obj
                0x08000c24                BitBangUART::GPIO_BitBangUART::GPIO_BitBangUART(GPIO_TypeDef*, unsigned short, unsigned long)
                0x08000c24                BitBangUART::GPIO_BitBangUART::GPIO_BitBangUART(GPIO_TypeDef*, unsigned short, unsigned long)
 .text._ZN11BitBangUART16GPIO_BitBangUART7setBaudEm
                0x08000c5c       0x2c CMakeFiles/DEMO.dir/User/gpio_bitbang_uart.cpp.obj
                0x08000c5c                BitBangUART::GPIO_BitBangUART::setBaud(unsigned long)
 .text._ZN11BitBangUART16GPIO_BitBangUART8sendByteEh
                0x08000c88       0xb2 CMakeFiles/DEMO.dir/User/gpio_bitbang_uart.cpp.obj
                0x08000c88                BitBangUART::GPIO_BitBangUART::sendByte(unsigned char)
 .text._ZN11BitBangUART16GPIO_BitBangUART11receiveByteEPhm
                0x08000d3a      0x124 CMakeFiles/DEMO.dir/User/gpio_bitbang_uart.cpp.obj
                0x08000d3a                BitBangUART::GPIO_BitBangUART::receiveByte(unsigned char*, unsigned long)
 .text._ZN11BitBangUART16GPIO_BitBangUART9sendBytesEPKhm
                0x08000e5e       0x46 CMakeFiles/DEMO.dir/User/gpio_bitbang_uart.cpp.obj
                0x08000e5e                BitBangUART::GPIO_BitBangUART::sendBytes(unsigned char const*, unsigned long)
 .text.main     0x08000ea4       0xbc CMakeFiles/DEMO.dir/Core/Src/main.cpp.obj
                0x08000ea4                main
 .text._Z18SystemClock_Configv
                0x08000f60       0xfc CMakeFiles/DEMO.dir/Core/Src/main.cpp.obj
                0x08000f60                SystemClock_Config()
 .text._ZL10MPU_Configv
                0x0800105c       0x58 CMakeFiles/DEMO.dir/Core/Src/main.cpp.obj
 .text.HAL_TIM_PeriodElapsedCallback
                0x080010b4       0x24 CMakeFiles/DEMO.dir/Core/Src/main.cpp.obj
                0x080010b4                HAL_TIM_PeriodElapsedCallback
 .text.Error_Handler
                0x080010d8        0xc CMakeFiles/DEMO.dir/Core/Src/main.cpp.obj
                0x080010d8                Error_Handler
 .text.MX_GPIO_Init
                0x080010e4      0x140 CMakeFiles/DEMO.dir/Core/Src/gpio.c.obj
                0x080010e4                MX_GPIO_Init
 .text.MX_TIM3_Init
                0x08001224       0xb4 CMakeFiles/DEMO.dir/Core/Src/tim.c.obj
                0x08001224                MX_TIM3_Init
 .text.MX_TIM4_Init
                0x080012d8       0xb4 CMakeFiles/DEMO.dir/Core/Src/tim.c.obj
                0x080012d8                MX_TIM4_Init
 .text.MX_TIM23_Init
                0x0800138c       0xb4 CMakeFiles/DEMO.dir/Core/Src/tim.c.obj
                0x0800138c                MX_TIM23_Init
 .text.HAL_TIM_PWM_MspInit
                0x08001440       0xcc CMakeFiles/DEMO.dir/Core/Src/tim.c.obj
                0x08001440                HAL_TIM_PWM_MspInit
 .text.HAL_TIM_MspPostInit
                0x0800150c      0x118 CMakeFiles/DEMO.dir/Core/Src/tim.c.obj
                0x0800150c                HAL_TIM_MspPostInit
 .text.MX_USART1_UART_Init
                0x08001624       0x98 CMakeFiles/DEMO.dir/Core/Src/usart.c.obj
                0x08001624                MX_USART1_UART_Init
 .text.HAL_UART_MspInit
                0x080016bc       0xd4 CMakeFiles/DEMO.dir/Core/Src/usart.c.obj
                0x080016bc                HAL_UART_MspInit
 .text.NMI_Handler
                0x08001790        0x8 CMakeFiles/DEMO.dir/Core/Src/stm32h7xx_it.c.obj
                0x08001790                NMI_Handler
 .text.HardFault_Handler
                0x08001798        0x8 CMakeFiles/DEMO.dir/Core/Src/stm32h7xx_it.c.obj
                0x08001798                HardFault_Handler
 .text.MemManage_Handler
                0x080017a0        0x8 CMakeFiles/DEMO.dir/Core/Src/stm32h7xx_it.c.obj
                0x080017a0                MemManage_Handler
 .text.BusFault_Handler
                0x080017a8        0x8 CMakeFiles/DEMO.dir/Core/Src/stm32h7xx_it.c.obj
                0x080017a8                BusFault_Handler
 .text.UsageFault_Handler
                0x080017b0        0x8 CMakeFiles/DEMO.dir/Core/Src/stm32h7xx_it.c.obj
                0x080017b0                UsageFault_Handler
 .text.SVC_Handler
                0x080017b8        0xe CMakeFiles/DEMO.dir/Core/Src/stm32h7xx_it.c.obj
                0x080017b8                SVC_Handler
 .text.DebugMon_Handler
                0x080017c6        0xe CMakeFiles/DEMO.dir/Core/Src/stm32h7xx_it.c.obj
                0x080017c6                DebugMon_Handler
 .text.PendSV_Handler
                0x080017d4        0xe CMakeFiles/DEMO.dir/Core/Src/stm32h7xx_it.c.obj
                0x080017d4                PendSV_Handler
 .text.SysTick_Handler
                0x080017e2        0xe CMakeFiles/DEMO.dir/Core/Src/stm32h7xx_it.c.obj
                0x080017e2                SysTick_Handler
 .text.TIM1_UP_IRQHandler
                0x080017f0       0x14 CMakeFiles/DEMO.dir/Core/Src/stm32h7xx_it.c.obj
                0x080017f0                TIM1_UP_IRQHandler
 .text.TIM3_IRQHandler
                0x08001804       0x14 CMakeFiles/DEMO.dir/Core/Src/stm32h7xx_it.c.obj
                0x08001804                TIM3_IRQHandler
 .text.TIM4_IRQHandler
                0x08001818       0x14 CMakeFiles/DEMO.dir/Core/Src/stm32h7xx_it.c.obj
                0x08001818                TIM4_IRQHandler
 .text.TIM23_IRQHandler
                0x0800182c       0x14 CMakeFiles/DEMO.dir/Core/Src/stm32h7xx_it.c.obj
                0x0800182c                TIM23_IRQHandler
 .text.HAL_MspInit
                0x08001840       0x34 CMakeFiles/DEMO.dir/Core/Src/stm32h7xx_hal_msp.c.obj
                0x08001840                HAL_MspInit
 .text.HAL_InitTick
                0x08001874       0xc4 CMakeFiles/DEMO.dir/Core/Src/stm32h7xx_hal_timebase_tim.c.obj
                0x08001874                HAL_InitTick
 .text.__NVIC_SetPriorityGrouping
                0x08001938       0x48 CMakeFiles/DEMO.dir/Drivers/STM32H7xx_HAL_Driver/Src/stm32h7xx_hal_cortex.c.obj
 .text.__NVIC_GetPriorityGrouping
                0x08001980       0x1c CMakeFiles/DEMO.dir/Drivers/STM32H7xx_HAL_Driver/Src/stm32h7xx_hal_cortex.c.obj
 .text.__NVIC_EnableIRQ
                0x0800199c       0x3c CMakeFiles/DEMO.dir/Drivers/STM32H7xx_HAL_Driver/Src/stm32h7xx_hal_cortex.c.obj
 .text.__NVIC_SetPriority
                0x080019d8       0x54 CMakeFiles/DEMO.dir/Drivers/STM32H7xx_HAL_Driver/Src/stm32h7xx_hal_cortex.c.obj
 .text.NVIC_EncodePriority
                0x08001a2c       0x66 CMakeFiles/DEMO.dir/Drivers/STM32H7xx_HAL_Driver/Src/stm32h7xx_hal_cortex.c.obj
 .text.HAL_NVIC_SetPriorityGrouping
                0x08001a92       0x16 CMakeFiles/DEMO.dir/Drivers/STM32H7xx_HAL_Driver/Src/stm32h7xx_hal_cortex.c.obj
                0x08001a92                HAL_NVIC_SetPriorityGrouping
 .text.HAL_NVIC_SetPriority
                0x08001aa8       0x34 CMakeFiles/DEMO.dir/Drivers/STM32H7xx_HAL_Driver/Src/stm32h7xx_hal_cortex.c.obj
                0x08001aa8                HAL_NVIC_SetPriority
 .text.HAL_NVIC_EnableIRQ
                0x08001adc       0x1c CMakeFiles/DEMO.dir/Drivers/STM32H7xx_HAL_Driver/Src/stm32h7xx_hal_cortex.c.obj
                0x08001adc                HAL_NVIC_EnableIRQ
 .text.HAL_MPU_Disable
                0x08001af8       0x30 CMakeFiles/DEMO.dir/Drivers/STM32H7xx_HAL_Driver/Src/stm32h7xx_hal_cortex.c.obj
                0x08001af8                HAL_MPU_Disable
 .text.HAL_MPU_Enable
                0x08001b28       0x40 CMakeFiles/DEMO.dir/Drivers/STM32H7xx_HAL_Driver/Src/stm32h7xx_hal_cortex.c.obj
                0x08001b28                HAL_MPU_Enable
 .text.HAL_MPU_ConfigRegion
                0x08001b68       0x80 CMakeFiles/DEMO.dir/Drivers/STM32H7xx_HAL_Driver/Src/stm32h7xx_hal_cortex.c.obj
                0x08001b68                HAL_MPU_ConfigRegion
 .text.HAL_RCC_OscConfig
                0x08001be8      0x7b4 CMakeFiles/DEMO.dir/Drivers/STM32H7xx_HAL_Driver/Src/stm32h7xx_hal_rcc.c.obj
                0x08001be8                HAL_RCC_OscConfig
 .text.HAL_RCC_ClockConfig
                0x0800239c      0x36c CMakeFiles/DEMO.dir/Drivers/STM32H7xx_HAL_Driver/Src/stm32h7xx_hal_rcc.c.obj
                0x0800239c                HAL_RCC_ClockConfig
 .text.HAL_RCC_GetSysClockFreq
                0x08002708      0x2f4 CMakeFiles/DEMO.dir/Drivers/STM32H7xx_HAL_Driver/Src/stm32h7xx_hal_rcc.c.obj
                0x08002708                HAL_RCC_GetSysClockFreq
 .text.HAL_RCC_GetHCLKFreq
                0x080029fc       0x60 CMakeFiles/DEMO.dir/Drivers/STM32H7xx_HAL_Driver/Src/stm32h7xx_hal_rcc.c.obj
                0x080029fc                HAL_RCC_GetHCLKFreq
 .text.HAL_RCC_GetPCLK1Freq
                0x08002a5c       0x2c CMakeFiles/DEMO.dir/Drivers/STM32H7xx_HAL_Driver/Src/stm32h7xx_hal_rcc.c.obj
                0x08002a5c                HAL_RCC_GetPCLK1Freq
 .text.HAL_RCC_GetPCLK2Freq
                0x08002a88       0x2c CMakeFiles/DEMO.dir/Drivers/STM32H7xx_HAL_Driver/Src/stm32h7xx_hal_rcc.c.obj
                0x08002a88                HAL_RCC_GetPCLK2Freq
 .text.HAL_RCC_GetClockConfig
                0x08002ab4       0x84 CMakeFiles/DEMO.dir/Drivers/STM32H7xx_HAL_Driver/Src/stm32h7xx_hal_rcc.c.obj
                0x08002ab4                HAL_RCC_GetClockConfig
 .text.HAL_RCCEx_PeriphCLKConfig
                0x08002b38     0x1340 CMakeFiles/DEMO.dir/Drivers/STM32H7xx_HAL_Driver/Src/stm32h7xx_hal_rcc_ex.c.obj
                0x08002b38                HAL_RCCEx_PeriphCLKConfig
 .text.HAL_RCCEx_GetD3PCLK1Freq
                0x08003e78       0x2c CMakeFiles/DEMO.dir/Drivers/STM32H7xx_HAL_Driver/Src/stm32h7xx_hal_rcc_ex.c.obj
                0x08003e78                HAL_RCCEx_GetD3PCLK1Freq
 .text.HAL_RCCEx_GetPLL2ClockFreq
                0x08003ea4      0x2a8 CMakeFiles/DEMO.dir/Drivers/STM32H7xx_HAL_Driver/Src/stm32h7xx_hal_rcc_ex.c.obj
                0x08003ea4                HAL_RCCEx_GetPLL2ClockFreq
 .text.HAL_RCCEx_GetPLL3ClockFreq
                0x0800414c      0x2a8 CMakeFiles/DEMO.dir/Drivers/STM32H7xx_HAL_Driver/Src/stm32h7xx_hal_rcc_ex.c.obj
                0x0800414c                HAL_RCCEx_GetPLL3ClockFreq
 .text.RCCEx_PLL2_Config
                0x080043f4      0x164 CMakeFiles/DEMO.dir/Drivers/STM32H7xx_HAL_Driver/Src/stm32h7xx_hal_rcc_ex.c.obj
 .text.RCCEx_PLL3_Config
                0x08004558      0x164 CMakeFiles/DEMO.dir/Drivers/STM32H7xx_HAL_Driver/Src/stm32h7xx_hal_rcc_ex.c.obj
 .text.HAL_GPIO_Init
                0x080046bc      0x350 CMakeFiles/DEMO.dir/Drivers/STM32H7xx_HAL_Driver/Src/stm32h7xx_hal_gpio.c.obj
                0x080046bc                HAL_GPIO_Init
 .text.HAL_GPIO_ReadPin
                0x08004a0c       0x30 CMakeFiles/DEMO.dir/Drivers/STM32H7xx_HAL_Driver/Src/stm32h7xx_hal_gpio.c.obj
                0x08004a0c                HAL_GPIO_ReadPin
 .text.HAL_GPIO_WritePin
                0x08004a3c       0x32 CMakeFiles/DEMO.dir/Drivers/STM32H7xx_HAL_Driver/Src/stm32h7xx_hal_gpio.c.obj
                0x08004a3c                HAL_GPIO_WritePin
 *fill*         0x08004a6e        0x2 
 .text.HAL_PWREx_ConfigSupply
                0x08004a70       0x74 CMakeFiles/DEMO.dir/Drivers/STM32H7xx_HAL_Driver/Src/stm32h7xx_hal_pwr_ex.c.obj
                0x08004a70                HAL_PWREx_ConfigSupply
 .text.HAL_Init
                0x08004ae4       0x78 CMakeFiles/DEMO.dir/Drivers/STM32H7xx_HAL_Driver/Src/stm32h7xx_hal.c.obj
                0x08004ae4                HAL_Init
 .text.HAL_IncTick
                0x08004b5c       0x28 CMakeFiles/DEMO.dir/Drivers/STM32H7xx_HAL_Driver/Src/stm32h7xx_hal.c.obj
                0x08004b5c                HAL_IncTick
 .text.HAL_GetTick
                0x08004b84       0x18 CMakeFiles/DEMO.dir/Drivers/STM32H7xx_HAL_Driver/Src/stm32h7xx_hal.c.obj
                0x08004b84                HAL_GetTick
 .text.HAL_Delay
                0x08004b9c       0x48 CMakeFiles/DEMO.dir/Drivers/STM32H7xx_HAL_Driver/Src/stm32h7xx_hal.c.obj
                0x08004b9c                HAL_Delay
 .text.HAL_TIM_Base_Init
                0x08004be4       0xae CMakeFiles/DEMO.dir/Drivers/STM32H7xx_HAL_Driver/Src/stm32h7xx_hal_tim.c.obj
                0x08004be4                HAL_TIM_Base_Init
 .text.HAL_TIM_Base_MspInit
                0x08004c92       0x14 CMakeFiles/DEMO.dir/Drivers/STM32H7xx_HAL_Driver/Src/stm32h7xx_hal_tim.c.obj
                0x08004c92                HAL_TIM_Base_MspInit
 *fill*         0x08004ca6        0x2 
 .text.HAL_TIM_Base_Start_IT
                0x08004ca8      0x10c CMakeFiles/DEMO.dir/Drivers/STM32H7xx_HAL_Driver/Src/stm32h7xx_hal_tim.c.obj
                0x08004ca8                HAL_TIM_Base_Start_IT
 .text.HAL_TIM_PWM_Init
                0x08004db4       0xae CMakeFiles/DEMO.dir/Drivers/STM32H7xx_HAL_Driver/Src/stm32h7xx_hal_tim.c.obj
                0x08004db4                HAL_TIM_PWM_Init
 *fill*         0x08004e62        0x2 
 .text.HAL_TIM_PWM_Start_IT
                0x08004e64      0x2d0 CMakeFiles/DEMO.dir/Drivers/STM32H7xx_HAL_Driver/Src/stm32h7xx_hal_tim.c.obj
                0x08004e64                HAL_TIM_PWM_Start_IT
 .text.HAL_TIM_PWM_Stop_IT
                0x08005134      0x1c8 CMakeFiles/DEMO.dir/Drivers/STM32H7xx_HAL_Driver/Src/stm32h7xx_hal_tim.c.obj
                0x08005134                HAL_TIM_PWM_Stop_IT
 .text.HAL_TIM_IRQHandler
                0x080052fc      0x20e CMakeFiles/DEMO.dir/Drivers/STM32H7xx_HAL_Driver/Src/stm32h7xx_hal_tim.c.obj
                0x080052fc                HAL_TIM_IRQHandler
 *fill*         0x0800550a        0x2 
 .text.HAL_TIM_PWM_ConfigChannel
                0x0800550c      0x228 CMakeFiles/DEMO.dir/Drivers/STM32H7xx_HAL_Driver/Src/stm32h7xx_hal_tim.c.obj
                0x0800550c                HAL_TIM_PWM_ConfigChannel
 .text.HAL_TIM_OC_DelayElapsedCallback
                0x08005734       0x14 CMakeFiles/DEMO.dir/Drivers/STM32H7xx_HAL_Driver/Src/stm32h7xx_hal_tim.c.obj
                0x08005734                HAL_TIM_OC_DelayElapsedCallback
 .text.HAL_TIM_IC_CaptureCallback
                0x08005748       0x14 CMakeFiles/DEMO.dir/Drivers/STM32H7xx_HAL_Driver/Src/stm32h7xx_hal_tim.c.obj
                0x08005748                HAL_TIM_IC_CaptureCallback
 .text.HAL_TIM_TriggerCallback
                0x0800575c       0x14 CMakeFiles/DEMO.dir/Drivers/STM32H7xx_HAL_Driver/Src/stm32h7xx_hal_tim.c.obj
                0x0800575c                HAL_TIM_TriggerCallback
 .text.TIM_Base_SetConfig
                0x08005770      0x164 CMakeFiles/DEMO.dir/Drivers/STM32H7xx_HAL_Driver/Src/stm32h7xx_hal_tim.c.obj
                0x08005770                TIM_Base_SetConfig
 .text.TIM_OC1_SetConfig
                0x080058d4      0x120 CMakeFiles/DEMO.dir/Drivers/STM32H7xx_HAL_Driver/Src/stm32h7xx_hal_tim.c.obj
 .text.TIM_OC2_SetConfig
                0x080059f4      0x114 CMakeFiles/DEMO.dir/Drivers/STM32H7xx_HAL_Driver/Src/stm32h7xx_hal_tim.c.obj
                0x080059f4                TIM_OC2_SetConfig
 .text.TIM_OC3_SetConfig
                0x08005b08      0x110 CMakeFiles/DEMO.dir/Drivers/STM32H7xx_HAL_Driver/Src/stm32h7xx_hal_tim.c.obj
 .text.TIM_OC4_SetConfig
                0x08005c18       0xd4 CMakeFiles/DEMO.dir/Drivers/STM32H7xx_HAL_Driver/Src/stm32h7xx_hal_tim.c.obj
 .text.TIM_OC5_SetConfig
                0x08005cec       0xc8 CMakeFiles/DEMO.dir/Drivers/STM32H7xx_HAL_Driver/Src/stm32h7xx_hal_tim.c.obj
 .text.TIM_OC6_SetConfig
                0x08005db4       0xcc CMakeFiles/DEMO.dir/Drivers/STM32H7xx_HAL_Driver/Src/stm32h7xx_hal_tim.c.obj
 .text.TIM_CCxChannelCmd
                0x08005e80       0x4a CMakeFiles/DEMO.dir/Drivers/STM32H7xx_HAL_Driver/Src/stm32h7xx_hal_tim.c.obj
                0x08005e80                TIM_CCxChannelCmd
 *fill*         0x08005eca        0x2 
 .text.HAL_TIMEx_MasterConfigSynchronization
                0x08005ecc      0x138 CMakeFiles/DEMO.dir/Drivers/STM32H7xx_HAL_Driver/Src/stm32h7xx_hal_tim_ex.c.obj
                0x08005ecc                HAL_TIMEx_MasterConfigSynchronization
 .text.HAL_TIMEx_CommutCallback
                0x08006004       0x14 CMakeFiles/DEMO.dir/Drivers/STM32H7xx_HAL_Driver/Src/stm32h7xx_hal_tim_ex.c.obj
                0x08006004                HAL_TIMEx_CommutCallback
 .text.HAL_TIMEx_BreakCallback
                0x08006018       0x14 CMakeFiles/DEMO.dir/Drivers/STM32H7xx_HAL_Driver/Src/stm32h7xx_hal_tim_ex.c.obj
                0x08006018                HAL_TIMEx_BreakCallback
 .text.HAL_TIMEx_Break2Callback
                0x0800602c       0x14 CMakeFiles/DEMO.dir/Drivers/STM32H7xx_HAL_Driver/Src/stm32h7xx_hal_tim_ex.c.obj
                0x0800602c                HAL_TIMEx_Break2Callback
 .text.HAL_UART_Init
                0x08006040       0xa0 CMakeFiles/DEMO.dir/Drivers/STM32H7xx_HAL_Driver/Src/stm32h7xx_hal_uart.c.obj
                0x08006040                HAL_UART_Init
 .text.UART_SetConfig
                0x080060e0      0xcd8 CMakeFiles/DEMO.dir/Drivers/STM32H7xx_HAL_Driver/Src/stm32h7xx_hal_uart.c.obj
                0x080060e0                UART_SetConfig
 .text.UART_AdvFeatureConfig
                0x08006db8      0x144 CMakeFiles/DEMO.dir/Drivers/STM32H7xx_HAL_Driver/Src/stm32h7xx_hal_uart.c.obj
                0x08006db8                UART_AdvFeatureConfig
 .text.UART_CheckIdleState
                0x08006efc      0x154 CMakeFiles/DEMO.dir/Drivers/STM32H7xx_HAL_Driver/Src/stm32h7xx_hal_uart.c.obj
                0x08006efc                UART_CheckIdleState
 .text.UART_WaitOnFlagUntilTimeout
                0x08007050       0xda CMakeFiles/DEMO.dir/Drivers/STM32H7xx_HAL_Driver/Src/stm32h7xx_hal_uart.c.obj
                0x08007050                UART_WaitOnFlagUntilTimeout
 *fill*         0x0800712a        0x2 
 .text.UART_EndRxTransfer
                0x0800712c       0xcc CMakeFiles/DEMO.dir/Drivers/STM32H7xx_HAL_Driver/Src/stm32h7xx_hal_uart.c.obj
 .text.HAL_UARTEx_DisableFifoMode
                0x080071f8       0x72 CMakeFiles/DEMO.dir/Drivers/STM32H7xx_HAL_Driver/Src/stm32h7xx_hal_uart_ex.c.obj
                0x080071f8                HAL_UARTEx_DisableFifoMode
 .text.HAL_UARTEx_SetTxFifoThreshold
                0x0800726a       0x7c CMakeFiles/DEMO.dir/Drivers/STM32H7xx_HAL_Driver/Src/stm32h7xx_hal_uart_ex.c.obj
                0x0800726a                HAL_UARTEx_SetTxFifoThreshold
 .text.HAL_UARTEx_SetRxFifoThreshold
                0x080072e6       0x7c CMakeFiles/DEMO.dir/Drivers/STM32H7xx_HAL_Driver/Src/stm32h7xx_hal_uart_ex.c.obj
                0x080072e6                HAL_UARTEx_SetRxFifoThreshold
 *fill*         0x08007362        0x2 
 .text.UARTEx_SetNbDataToProcess
                0x08007364       0x9c CMakeFiles/DEMO.dir/Drivers/STM32H7xx_HAL_Driver/Src/stm32h7xx_hal_uart_ex.c.obj
 .text.SystemInit
                0x08007400       0xf0 CMakeFiles/DEMO.dir/Core/Src/system_stm32h7xx.c.obj
                0x08007400                SystemInit
 .text._sbrk    0x080074f0       0x6c CMakeFiles/DEMO.dir/Core/Src/sysmem.c.obj
                0x080074f0                _sbrk
 .text._getpid  0x0800755c       0x10 CMakeFiles/DEMO.dir/Core/Src/syscalls.c.obj
                0x0800755c                _getpid
 .text._kill    0x0800756c       0x20 CMakeFiles/DEMO.dir/Core/Src/syscalls.c.obj
                0x0800756c                _kill
 .text._exit    0x0800758c       0x16 CMakeFiles/DEMO.dir/Core/Src/syscalls.c.obj
                0x0800758c                _exit
 *fill*         0x080075a2        0x2 
 .text.Reset_Handler
                0x080075a4       0x50 CMakeFiles/DEMO.dir/startup_stm32h723xx.s.obj
                0x080075a4                Reset_Handler
 .text.Default_Handler
                0x080075f4        0x2 CMakeFiles/DEMO.dir/startup_stm32h723xx.s.obj
                0x080075f4                RTC_Alarm_IRQHandler
                0x080075f4                EXTI2_IRQHandler
                0x080075f4                TIM8_CC_IRQHandler
                0x080075f4                UART8_IRQHandler
                0x080075f4                SPI4_IRQHandler
                0x080075f4                FDCAN3_IT0_IRQHandler
                0x080075f4                TIM1_CC_IRQHandler
                0x080075f4                BDMA_Channel6_IRQHandler
                0x080075f4                DMA2_Stream5_IRQHandler
                0x080075f4                DMA1_Stream5_IRQHandler
                0x080075f4                CORDIC_IRQHandler
                0x080075f4                BDMA_Channel1_IRQHandler
                0x080075f4                TAMP_STAMP_IRQHandler
                0x080075f4                EXTI3_IRQHandler
                0x080075f4                LPTIM4_IRQHandler
                0x080075f4                TIM8_TRG_COM_TIM14_IRQHandler
                0x080075f4                LPTIM2_IRQHandler
                0x080075f4                DFSDM1_FLT1_IRQHandler
                0x080075f4                DMAMUX2_OVR_IRQHandler
                0x080075f4                TIM8_UP_TIM13_IRQHandler
                0x080075f4                I2C3_ER_IRQHandler
                0x080075f4                DFSDM1_FLT2_IRQHandler
                0x080075f4                I2C5_EV_IRQHandler
                0x080075f4                USART10_IRQHandler
                0x080075f4                MDMA_IRQHandler
                0x080075f4                LPTIM3_IRQHandler
                0x080075f4                HSEM1_IRQHandler
                0x080075f4                EXTI0_IRQHandler
                0x080075f4                I2C2_EV_IRQHandler
                0x080075f4                DMA1_Stream2_IRQHandler
                0x080075f4                FPU_IRQHandler
                0x080075f4                OTG_HS_WKUP_IRQHandler
                0x080075f4                FDCAN1_IT1_IRQHandler
                0x080075f4                LTDC_ER_IRQHandler
                0x080075f4                DMA2_Stream2_IRQHandler
                0x080075f4                SPI1_IRQHandler
                0x080075f4                OCTOSPI1_IRQHandler
                0x080075f4                TIM6_DAC_IRQHandler
                0x080075f4                DMA2_Stream3_IRQHandler
                0x080075f4                OCTOSPI2_IRQHandler
                0x080075f4                DFSDM1_FLT3_IRQHandler
                0x080075f4                USART6_IRQHandler
                0x080075f4                TIM17_IRQHandler
                0x080075f4                USART3_IRQHandler
                0x080075f4                BDMA_Channel7_IRQHandler
                0x080075f4                LPTIM5_IRQHandler
                0x080075f4                UART5_IRQHandler
                0x080075f4                ADC3_IRQHandler
                0x080075f4                DMA2_Stream0_IRQHandler
                0x080075f4                BDMA_Channel2_IRQHandler
                0x080075f4                I2C1_EV_IRQHandler
                0x080075f4                DMA1_Stream6_IRQHandler
                0x080075f4                DMAMUX1_OVR_IRQHandler
                0x080075f4                DMA1_Stream1_IRQHandler
                0x080075f4                TIM16_IRQHandler
                0x080075f4                UART4_IRQHandler
                0x080075f4                BDMA_Channel5_IRQHandler
                0x080075f4                RCC_IRQHandler
                0x080075f4                UART9_IRQHandler
                0x080075f4                TIM8_BRK_TIM12_IRQHandler
                0x080075f4                TIM1_TRG_COM_IRQHandler
                0x080075f4                Default_Handler
                0x080075f4                ECC_IRQHandler
                0x080075f4                FMAC_IRQHandler
                0x080075f4                CEC_IRQHandler
                0x080075f4                EXTI15_10_IRQHandler
                0x080075f4                BDMA_Channel0_IRQHandler
                0x080075f4                ADC_IRQHandler
                0x080075f4                I2C5_ER_IRQHandler
                0x080075f4                DMA1_Stream7_IRQHandler
                0x080075f4                SPI5_IRQHandler
                0x080075f4                TIM7_IRQHandler
                0x080075f4                FDCAN3_IT1_IRQHandler
                0x080075f4                SDMMC1_IRQHandler
                0x080075f4                TIM5_IRQHandler
                0x080075f4                DMA2_Stream7_IRQHandler
                0x080075f4                TIM15_IRQHandler
                0x080075f4                PVD_AVD_IRQHandler
                0x080075f4                I2C3_EV_IRQHandler
                0x080075f4                EXTI9_5_IRQHandler
                0x080075f4                RTC_WKUP_IRQHandler
                0x080075f4                LTDC_IRQHandler
                0x080075f4                ETH_WKUP_IRQHandler
                0x080075f4                SPDIF_RX_IRQHandler
                0x080075f4                SPI2_IRQHandler
                0x080075f4                OTG_HS_EP1_IN_IRQHandler
                0x080075f4                DMA1_Stream0_IRQHandler
                0x080075f4                TIM24_IRQHandler
                0x080075f4                CRS_IRQHandler
                0x080075f4                EXTI4_IRQHandler
                0x080075f4                RNG_IRQHandler
                0x080075f4                FDCAN2_IT1_IRQHandler
                0x080075f4                ETH_IRQHandler
                0x080075f4                BDMA_Channel4_IRQHandler
                0x080075f4                OTG_HS_EP1_OUT_IRQHandler
                0x080075f4                WWDG_IRQHandler
                0x080075f4                SPI6_IRQHandler
                0x080075f4                MDIOS_IRQHandler
                0x080075f4                I2C4_EV_IRQHandler
                0x080075f4                FDCAN2_IT0_IRQHandler
                0x080075f4                LPUART1_IRQHandler
                0x080075f4                FDCAN1_IT0_IRQHandler
                0x080075f4                TIM2_IRQHandler
                0x080075f4                OTG_HS_IRQHandler
                0x080075f4                DMA2D_IRQHandler
                0x080075f4                TIM1_BRK_IRQHandler
                0x080075f4                EXTI1_IRQHandler
                0x080075f4                SDMMC2_IRQHandler
                0x080075f4                BDMA_Channel3_IRQHandler
                0x080075f4                DTS_IRQHandler
                0x080075f4                UART7_IRQHandler
                0x080075f4                MDIOS_WKUP_IRQHandler
                0x080075f4                USART2_IRQHandler
                0x080075f4                DFSDM1_FLT0_IRQHandler
                0x080075f4                SAI4_IRQHandler
                0x080075f4                I2C2_ER_IRQHandler
                0x080075f4                DMA2_Stream1_IRQHandler
                0x080075f4                FLASH_IRQHandler
                0x080075f4                DMA2_Stream4_IRQHandler
                0x080075f4                USART1_IRQHandler
                0x080075f4                SPI3_IRQHandler
                0x080075f4                WAKEUP_PIN_IRQHandler
                0x080075f4                DMA1_Stream4_IRQHandler
                0x080075f4                I2C1_ER_IRQHandler
                0x080075f4                FMC_IRQHandler
                0x080075f4                FDCAN_CAL_IRQHandler
                0x080075f4                SWPMI1_IRQHandler
                0x080075f4                COMP1_IRQHandler
                0x080075f4                LPTIM1_IRQHandler
                0x080075f4                DCMI_PSSI_IRQHandler
                0x080075f4                I2C4_ER_IRQHandler
                0x080075f4                DMA2_Stream6_IRQHandler
                0x080075f4                SAI1_IRQHandler
                0x080075f4                DMA1_Stream3_IRQHandler
 .text._Znwj    0x080075f6       0x22 e:/_tool/arm-gnu-toolchain-12.2.mpacbti-rel1-mingw-w64-i686-arm-none-eabi/bin/../lib/gcc/arm-none-eabi/12.2.1/thumb/v7e-m+dp/hard\libstdc++_nano.a(new_op.o)
                0x080075f6                operator new(unsigned int)
 .text._ZSt15get_new_handlerv
                0x08007618       0x10 e:/_tool/arm-gnu-toolchain-12.2.mpacbti-rel1-mingw-w64-i686-arm-none-eabi/bin/../lib/gcc/arm-none-eabi/12.2.1/thumb/v7e-m+dp/hard\libstdc++_nano.a(new_handler.o)
                0x08007618                std::get_new_handler()
 .text.abort    0x08007628        0xe e:/_tool/arm-gnu-toolchain-12.2.mpacbti-rel1-mingw-w64-i686-arm-none-eabi/bin/../lib/gcc/arm-none-eabi/12.2.1/thumb/v7e-m+dp/hard\libc_nano.a(libc_a-abort.o)
                0x08007628                abort
 *fill*         0x08007636        0x2 
 .text.malloc   0x08007638       0x10 e:/_tool/arm-gnu-toolchain-12.2.mpacbti-rel1-mingw-w64-i686-arm-none-eabi/bin/../lib/gcc/arm-none-eabi/12.2.1/thumb/v7e-m+dp/hard\libc_nano.a(libc_a-malloc.o)
                0x08007638                malloc
 .text.sbrk_aligned
                0x08007648       0x44 e:/_tool/arm-gnu-toolchain-12.2.mpacbti-rel1-mingw-w64-i686-arm-none-eabi/bin/../lib/gcc/arm-none-eabi/12.2.1/thumb/v7e-m+dp/hard\libc_nano.a(libc_a-mallocr.o)
 .text._malloc_r
                0x0800768c      0x100 e:/_tool/arm-gnu-toolchain-12.2.mpacbti-rel1-mingw-w64-i686-arm-none-eabi/bin/../lib/gcc/arm-none-eabi/12.2.1/thumb/v7e-m+dp/hard\libc_nano.a(libc_a-mallocr.o)
                0x0800768c                _malloc_r
 .text.__malloc_lock
                0x0800778c        0xc e:/_tool/arm-gnu-toolchain-12.2.mpacbti-rel1-mingw-w64-i686-arm-none-eabi/bin/../lib/gcc/arm-none-eabi/12.2.1/thumb/v7e-m+dp/hard\libc_nano.a(libc_a-mlock.o)
                0x0800778c                __malloc_lock
 .text.__malloc_unlock
                0x08007798        0xc e:/_tool/arm-gnu-toolchain-12.2.mpacbti-rel1-mingw-w64-i686-arm-none-eabi/bin/../lib/gcc/arm-none-eabi/12.2.1/thumb/v7e-m+dp/hard\libc_nano.a(libc_a-mlock.o)
                0x08007798                __malloc_unlock
 .text.memset   0x080077a4       0x10 e:/_tool/arm-gnu-toolchain-12.2.mpacbti-rel1-mingw-w64-i686-arm-none-eabi/bin/../lib/gcc/arm-none-eabi/12.2.1/thumb/v7e-m+dp/hard\libc_nano.a(libc_a-memset.o)
                0x080077a4                memset
 .text._raise_r
                0x080077b4       0x50 e:/_tool/arm-gnu-toolchain-12.2.mpacbti-rel1-mingw-w64-i686-arm-none-eabi/bin/../lib/gcc/arm-none-eabi/12.2.1/thumb/v7e-m+dp/hard\libc_nano.a(libc_a-signal.o)
                0x080077b4                _raise_r
 .text.raise    0x08007804       0x10 e:/_tool/arm-gnu-toolchain-12.2.mpacbti-rel1-mingw-w64-i686-arm-none-eabi/bin/../lib/gcc/arm-none-eabi/12.2.1/thumb/v7e-m+dp/hard\libc_nano.a(libc_a-signal.o)
                0x08007804                raise
 .text._kill_r  0x08007814       0x24 e:/_tool/arm-gnu-toolchain-12.2.mpacbti-rel1-mingw-w64-i686-arm-none-eabi/bin/../lib/gcc/arm-none-eabi/12.2.1/thumb/v7e-m+dp/hard\libc_nano.a(libc_a-signalr.o)
                0x08007814                _kill_r
 .text._getpid_r
                0x08007838        0x4 e:/_tool/arm-gnu-toolchain-12.2.mpacbti-rel1-mingw-w64-i686-arm-none-eabi/bin/../lib/gcc/arm-none-eabi/12.2.1/thumb/v7e-m+dp/hard\libc_nano.a(libc_a-signalr.o)
                0x08007838                _getpid_r
 .text._sbrk_r  0x0800783c       0x20 e:/_tool/arm-gnu-toolchain-12.2.mpacbti-rel1-mingw-w64-i686-arm-none-eabi/bin/../lib/gcc/arm-none-eabi/12.2.1/thumb/v7e-m+dp/hard\libc_nano.a(libc_a-sbrkr.o)
                0x0800783c                _sbrk_r
 .text.__errno  0x0800785c        0xc e:/_tool/arm-gnu-toolchain-12.2.mpacbti-rel1-mingw-w64-i686-arm-none-eabi/bin/../lib/gcc/arm-none-eabi/12.2.1/thumb/v7e-m+dp/hard\libc_nano.a(libc_a-errno.o)
                0x0800785c                __errno
 .text.__libc_init_array
                0x08007868       0x48 e:/_tool/arm-gnu-toolchain-12.2.mpacbti-rel1-mingw-w64-i686-arm-none-eabi/bin/../lib/gcc/arm-none-eabi/12.2.1/thumb/v7e-m+dp/hard\libc_nano.a(libc_a-init.o)
                0x08007868                __libc_init_array
 .text.__retarget_lock_acquire_recursive
                0x080078b0        0x2 e:/_tool/arm-gnu-toolchain-12.2.mpacbti-rel1-mingw-w64-i686-arm-none-eabi/bin/../lib/gcc/arm-none-eabi/12.2.1/thumb/v7e-m+dp/hard\libc_nano.a(libc_a-lock.o)
                0x080078b0                __retarget_lock_acquire_recursive
 .text.__retarget_lock_release_recursive
                0x080078b2        0x2 e:/_tool/arm-gnu-toolchain-12.2.mpacbti-rel1-mingw-w64-i686-arm-none-eabi/bin/../lib/gcc/arm-none-eabi/12.2.1/thumb/v7e-m+dp/hard\libc_nano.a(libc_a-lock.o)
                0x080078b2                __retarget_lock_release_recursive
 .text.__udivmoddi4
                0x080078b4      0x2bc e:/_tool/arm-gnu-toolchain-12.2.mpacbti-rel1-mingw-w64-i686-arm-none-eabi/bin/../lib/gcc/arm-none-eabi/12.2.1/thumb/v7e-m+dp/hard\libgcc.a(_udivmoddi4.o)
                0x080078b4                __udivmoddi4
 *(.glue_7)
 .glue_7        0x08007b70        0x0 linker stubs
 *(.glue_7t)
 .glue_7t       0x08007b70        0x0 linker stubs
 *(.eh_frame)
 .eh_frame      0x08007b70        0x0 e:/_tool/arm-gnu-toolchain-12.2.mpacbti-rel1-mingw-w64-i686-arm-none-eabi/bin/../lib/gcc/arm-none-eabi/12.2.1/thumb/v7e-m+dp/hard/crtbegin.o
 *(.init)
 .init          0x08007b70        0x4 e:/_tool/arm-gnu-toolchain-12.2.mpacbti-rel1-mingw-w64-i686-arm-none-eabi/bin/../lib/gcc/arm-none-eabi/12.2.1/thumb/v7e-m+dp/hard/crti.o
                0x08007b70                _init
 .init          0x08007b74        0x8 e:/_tool/arm-gnu-toolchain-12.2.mpacbti-rel1-mingw-w64-i686-arm-none-eabi/bin/../lib/gcc/arm-none-eabi/12.2.1/thumb/v7e-m+dp/hard/crtn.o
 *(.fini)
 .fini          0x08007b7c        0x4 e:/_tool/arm-gnu-toolchain-12.2.mpacbti-rel1-mingw-w64-i686-arm-none-eabi/bin/../lib/gcc/arm-none-eabi/12.2.1/thumb/v7e-m+dp/hard/crti.o
                0x08007b7c                _fini
 .fini          0x08007b80        0x8 e:/_tool/arm-gnu-toolchain-12.2.mpacbti-rel1-mingw-w64-i686-arm-none-eabi/bin/../lib/gcc/arm-none-eabi/12.2.1/thumb/v7e-m+dp/hard/crtn.o
                0x08007b88                        . = ALIGN (0x4)
                0x08007b88                        _etext = .

.vfp11_veneer   0x08007b88        0x0
 .vfp11_veneer  0x08007b88        0x0 linker stubs

.v4_bx          0x08007b88        0x0
 .v4_bx         0x08007b88        0x0 linker stubs

.iplt           0x08007b88        0x0
 .iplt          0x08007b88        0x0 e:/_tool/arm-gnu-toolchain-12.2.mpacbti-rel1-mingw-w64-i686-arm-none-eabi/bin/../lib/gcc/arm-none-eabi/12.2.1/thumb/v7e-m+dp/hard/crtbegin.o

.rodata         0x08007b88       0x38
                0x08007b88                        . = ALIGN (0x4)
 *(.rodata)
 *(.rodata*)
 .rodata.UARTPrescTable
                0x08007b88       0x18 CMakeFiles/DEMO.dir/Drivers/STM32H7xx_HAL_Driver/Src/stm32h7xx_hal_uart.c.obj
                0x08007b88                UARTPrescTable
 .rodata.numerator.1
                0x08007ba0        0x8 CMakeFiles/DEMO.dir/Drivers/STM32H7xx_HAL_Driver/Src/stm32h7xx_hal_uart_ex.c.obj
 .rodata.denominator.0
                0x08007ba8        0x8 CMakeFiles/DEMO.dir/Drivers/STM32H7xx_HAL_Driver/Src/stm32h7xx_hal_uart_ex.c.obj
 .rodata.D1CorePrescTable
                0x08007bb0       0x10 CMakeFiles/DEMO.dir/Core/Src/system_stm32h7xx.c.obj
                0x08007bb0                D1CorePrescTable
                0x08007bc0                        . = ALIGN (0x4)

.ARM.extab
 *(.ARM.extab* .gnu.linkonce.armextab.*)

.ARM            0x08007bc0        0x8
                0x08007bc0                        __exidx_start = .
 *(.ARM.exidx*)
 .ARM.exidx.text.__udivmoddi4
                0x08007bc0        0x8 e:/_tool/arm-gnu-toolchain-12.2.mpacbti-rel1-mingw-w64-i686-arm-none-eabi/bin/../lib/gcc/arm-none-eabi/12.2.1/thumb/v7e-m+dp/hard\libgcc.a(_udivmoddi4.o)
                0x08007bc8                        __exidx_end = .

.rel.dyn        0x08007bc8        0x0
 .rel.iplt      0x08007bc8        0x0 e:/_tool/arm-gnu-toolchain-12.2.mpacbti-rel1-mingw-w64-i686-arm-none-eabi/bin/../lib/gcc/arm-none-eabi/12.2.1/thumb/v7e-m+dp/hard/crtbegin.o

.preinit_array  0x08007bc8        0x0
                0x08007bc8                        PROVIDE (__preinit_array_start = .)
 *(.preinit_array*)
                0x08007bc8                        PROVIDE (__preinit_array_end = .)

.init_array     0x08007bc8        0x8
                0x08007bc8                        PROVIDE (__init_array_start = .)
 *(SORT_BY_NAME(.init_array.*))
 *(.init_array*)
 .init_array    0x08007bc8        0x4 e:/_tool/arm-gnu-toolchain-12.2.mpacbti-rel1-mingw-w64-i686-arm-none-eabi/bin/../lib/gcc/arm-none-eabi/12.2.1/thumb/v7e-m+dp/hard/crtbegin.o
 .init_array    0x08007bcc        0x4 CMakeFiles/DEMO.dir/User/TMC2209.cpp.obj
                0x08007bd0                        PROVIDE (__init_array_end = .)

.fini_array     0x08007bd0        0x4
                [!provide]                        PROVIDE (__fini_array_start = .)
 *(SORT_BY_NAME(.fini_array.*))
 *(.fini_array*)
 .fini_array    0x08007bd0        0x4 e:/_tool/arm-gnu-toolchain-12.2.mpacbti-rel1-mingw-w64-i686-arm-none-eabi/bin/../lib/gcc/arm-none-eabi/12.2.1/thumb/v7e-m+dp/hard/crtbegin.o
                [!provide]                        PROVIDE (__fini_array_end = .)
                0x08007bd4                        _sidata = LOADADDR (.data)

.data           0x20000000       0x60 load address 0x08007bd4
                0x20000000                        . = ALIGN (0x4)
                0x20000000                        _sdata = .
 *(.data)
 *(.data*)
 .data.uwTickPrio
                0x20000000        0x4 CMakeFiles/DEMO.dir/Drivers/STM32H7xx_HAL_Driver/Src/stm32h7xx_hal.c.obj
                0x20000000                uwTickPrio
 .data.uwTickFreq
                0x20000004        0x1 CMakeFiles/DEMO.dir/Drivers/STM32H7xx_HAL_Driver/Src/stm32h7xx_hal.c.obj
                0x20000004                uwTickFreq
 *fill*         0x20000005        0x3 
 .data.SystemCoreClock
                0x20000008        0x4 CMakeFiles/DEMO.dir/Core/Src/system_stm32h7xx.c.obj
                0x20000008                SystemCoreClock
 .data.SystemD2Clock
                0x2000000c        0x4 CMakeFiles/DEMO.dir/Core/Src/system_stm32h7xx.c.obj
                0x2000000c                SystemD2Clock
 .data._impure_ptr
                0x20000010        0x4 e:/_tool/arm-gnu-toolchain-12.2.mpacbti-rel1-mingw-w64-i686-arm-none-eabi/bin/../lib/gcc/arm-none-eabi/12.2.1/thumb/v7e-m+dp/hard\libc_nano.a(libc_a-impure.o)
                0x20000010                _impure_ptr
 .data._impure_data
                0x20000014       0x4c e:/_tool/arm-gnu-toolchain-12.2.mpacbti-rel1-mingw-w64-i686-arm-none-eabi/bin/../lib/gcc/arm-none-eabi/12.2.1/thumb/v7e-m+dp/hard\libc_nano.a(libc_a-impure.o)
                0x20000014                _impure_data
                0x20000060                        . = ALIGN (0x4)
                0x20000060                        _edata = .

.tm_clone_table
                0x20000060        0x0 load address 0x08007c34
 .tm_clone_table
                0x20000060        0x0 e:/_tool/arm-gnu-toolchain-12.2.mpacbti-rel1-mingw-w64-i686-arm-none-eabi/bin/../lib/gcc/arm-none-eabi/12.2.1/thumb/v7e-m+dp/hard/crtbegin.o
 .tm_clone_table
                0x20000060        0x0 e:/_tool/arm-gnu-toolchain-12.2.mpacbti-rel1-mingw-w64-i686-arm-none-eabi/bin/../lib/gcc/arm-none-eabi/12.2.1/thumb/v7e-m+dp/hard/crtend.o

.igot.plt       0x20000060        0x0 load address 0x08007c34
 .igot.plt      0x20000060        0x0 e:/_tool/arm-gnu-toolchain-12.2.mpacbti-rel1-mingw-w64-i686-arm-none-eabi/bin/../lib/gcc/arm-none-eabi/12.2.1/thumb/v7e-m+dp/hard/crtbegin.o
                0x20000060                        . = ALIGN (0x4)

.bss            0x20000060      0x370 load address 0x08007c34
                0x20000060                        _sbss = .
                0x20000060                        __bss_start__ = _sbss
 *(.bss)
 *(.bss*)
 .bss.completed.1
                0x20000060        0x1 e:/_tool/arm-gnu-toolchain-12.2.mpacbti-rel1-mingw-w64-i686-arm-none-eabi/bin/../lib/gcc/arm-none-eabi/12.2.1/thumb/v7e-m+dp/hard/crtbegin.o
 *fill*         0x20000061        0x3 
 .bss.object.0  0x20000064       0x18 e:/_tool/arm-gnu-toolchain-12.2.mpacbti-rel1-mingw-w64-i686-arm-none-eabi/bin/../lib/gcc/arm-none-eabi/12.2.1/thumb/v7e-m+dp/hard/crtbegin.o
 .bss._ZN7TMC22096motorsE
                0x2000007c        0xc CMakeFiles/DEMO.dir/User/TMC2209.cpp.obj
                0x2000007c                TMC2209::motors
 .bss._ZN7TMC2209L10moto_uart1E
                0x20000088       0x10 CMakeFiles/DEMO.dir/User/TMC2209.cpp.obj
 .bss._ZN7TMC2209L10moto_uart2E
                0x20000098       0x10 CMakeFiles/DEMO.dir/User/TMC2209.cpp.obj
 .bss._ZN7TMC2209L10moto_uart3E
                0x200000a8       0x10 CMakeFiles/DEMO.dir/User/TMC2209.cpp.obj
 .bss.htim3     0x200000b8       0x4c CMakeFiles/DEMO.dir/Core/Src/tim.c.obj
                0x200000b8                htim3
 .bss.htim4     0x20000104       0x4c CMakeFiles/DEMO.dir/Core/Src/tim.c.obj
                0x20000104                htim4
 .bss.htim23    0x20000150       0x4c CMakeFiles/DEMO.dir/Core/Src/tim.c.obj
                0x20000150                htim23
 .bss.huart1    0x2000019c       0x94 CMakeFiles/DEMO.dir/Core/Src/usart.c.obj
                0x2000019c                huart1
 .bss.htim1     0x20000230       0x4c CMakeFiles/DEMO.dir/Core/Src/stm32h7xx_hal_timebase_tim.c.obj
                0x20000230                htim1
 .bss.uwTick    0x2000027c        0x4 CMakeFiles/DEMO.dir/Drivers/STM32H7xx_HAL_Driver/Src/stm32h7xx_hal.c.obj
                0x2000027c                uwTick
 .bss.__sbrk_heap_end
                0x20000280        0x4 CMakeFiles/DEMO.dir/Core/Src/sysmem.c.obj
 .bss._ZN12_GLOBAL__N_113__new_handlerE
                0x20000284        0x4 e:/_tool/arm-gnu-toolchain-12.2.mpacbti-rel1-mingw-w64-i686-arm-none-eabi/bin/../lib/gcc/arm-none-eabi/12.2.1/thumb/v7e-m+dp/hard\libstdc++_nano.a(new_handler.o)
 .bss.__malloc_sbrk_start
                0x20000288        0x4 e:/_tool/arm-gnu-toolchain-12.2.mpacbti-rel1-mingw-w64-i686-arm-none-eabi/bin/../lib/gcc/arm-none-eabi/12.2.1/thumb/v7e-m+dp/hard\libc_nano.a(libc_a-mallocr.o)
                0x20000288                __malloc_sbrk_start
 .bss.__malloc_free_list
                0x2000028c        0x4 e:/_tool/arm-gnu-toolchain-12.2.mpacbti-rel1-mingw-w64-i686-arm-none-eabi/bin/../lib/gcc/arm-none-eabi/12.2.1/thumb/v7e-m+dp/hard\libc_nano.a(libc_a-mallocr.o)
                0x2000028c                __malloc_free_list
 .bss.__sf      0x20000290      0x138 e:/_tool/arm-gnu-toolchain-12.2.mpacbti-rel1-mingw-w64-i686-arm-none-eabi/bin/../lib/gcc/arm-none-eabi/12.2.1/thumb/v7e-m+dp/hard\libc_nano.a(libc_a-findfp.o)
                0x20000290                __sf
 .bss.errno     0x200003c8        0x4 e:/_tool/arm-gnu-toolchain-12.2.mpacbti-rel1-mingw-w64-i686-arm-none-eabi/bin/../lib/gcc/arm-none-eabi/12.2.1/thumb/v7e-m+dp/hard\libc_nano.a(libc_a-reent.o)
                0x200003c8                errno
 .bss.__lock___malloc_recursive_mutex
                0x200003cc        0x1 e:/_tool/arm-gnu-toolchain-12.2.mpacbti-rel1-mingw-w64-i686-arm-none-eabi/bin/../lib/gcc/arm-none-eabi/12.2.1/thumb/v7e-m+dp/hard\libc_nano.a(libc_a-lock.o)
                0x200003cc                __lock___malloc_recursive_mutex
 *(COMMON)
                0x200003d0                        . = ALIGN (0x4)
 *fill*         0x200003cd        0x3 
                0x200003d0                        _ebss = .
                0x200003d0                        __bss_end__ = _ebss

._user_heap_stack
                0x200003d0     0x1200 load address 0x08007c34
                0x200003d0                        . = ALIGN (0x8)
                [!provide]                        PROVIDE (end = .)
                0x200003d0                        PROVIDE (_end = .)
                0x200005d0                        . = (. + _Min_Heap_Size)
 *fill*         0x200003d0      0x200 
                0x200015d0                        . = (. + _Min_Stack_Size)
 *fill*         0x200005d0     0x1000 
                0x200015d0                        . = ALIGN (0x8)

/DISCARD/
 libc.a(*)
 libm.a(*)
 libgcc.a(*)

.ARM.attributes
                0x00000000       0x2e
 *(.ARM.attributes)
 .ARM.attributes
                0x00000000       0x20 e:/_tool/arm-gnu-toolchain-12.2.mpacbti-rel1-mingw-w64-i686-arm-none-eabi/bin/../lib/gcc/arm-none-eabi/12.2.1/thumb/v7e-m+dp/hard/crti.o
 .ARM.attributes
                0x00000020       0x32 e:/_tool/arm-gnu-toolchain-12.2.mpacbti-rel1-mingw-w64-i686-arm-none-eabi/bin/../lib/gcc/arm-none-eabi/12.2.1/thumb/v7e-m+dp/hard/crtbegin.o
 .ARM.attributes
                0x00000052       0x32 CMakeFiles/DEMO.dir/User/TMC2209.cpp.obj
 .ARM.attributes
                0x00000084       0x32 CMakeFiles/DEMO.dir/User/gpio_bitbang_uart.cpp.obj
 .ARM.attributes
                0x000000b6       0x32 CMakeFiles/DEMO.dir/Core/Src/main.cpp.obj
 .ARM.attributes
                0x000000e8       0x32 CMakeFiles/DEMO.dir/Core/Src/gpio.c.obj
 .ARM.attributes
                0x0000011a       0x32 CMakeFiles/DEMO.dir/Core/Src/tim.c.obj
 .ARM.attributes
                0x0000014c       0x32 CMakeFiles/DEMO.dir/Core/Src/usart.c.obj
 .ARM.attributes
                0x0000017e       0x32 CMakeFiles/DEMO.dir/Core/Src/stm32h7xx_it.c.obj
 .ARM.attributes
                0x000001b0       0x32 CMakeFiles/DEMO.dir/Core/Src/stm32h7xx_hal_msp.c.obj
 .ARM.attributes
                0x000001e2       0x32 CMakeFiles/DEMO.dir/Core/Src/stm32h7xx_hal_timebase_tim.c.obj
 .ARM.attributes
                0x00000214       0x32 CMakeFiles/DEMO.dir/Drivers/STM32H7xx_HAL_Driver/Src/stm32h7xx_hal_cortex.c.obj
 .ARM.attributes
                0x00000246       0x32 CMakeFiles/DEMO.dir/Drivers/STM32H7xx_HAL_Driver/Src/stm32h7xx_hal_rcc.c.obj
 .ARM.attributes
                0x00000278       0x32 CMakeFiles/DEMO.dir/Drivers/STM32H7xx_HAL_Driver/Src/stm32h7xx_hal_rcc_ex.c.obj
 .ARM.attributes
                0x000002aa       0x32 CMakeFiles/DEMO.dir/Drivers/STM32H7xx_HAL_Driver/Src/stm32h7xx_hal_gpio.c.obj
 .ARM.attributes
                0x000002dc       0x32 CMakeFiles/DEMO.dir/Drivers/STM32H7xx_HAL_Driver/Src/stm32h7xx_hal_pwr_ex.c.obj
 .ARM.attributes
                0x0000030e       0x32 CMakeFiles/DEMO.dir/Drivers/STM32H7xx_HAL_Driver/Src/stm32h7xx_hal.c.obj
 .ARM.attributes
                0x00000340       0x32 CMakeFiles/DEMO.dir/Drivers/STM32H7xx_HAL_Driver/Src/stm32h7xx_hal_tim.c.obj
 .ARM.attributes
                0x00000372       0x32 CMakeFiles/DEMO.dir/Drivers/STM32H7xx_HAL_Driver/Src/stm32h7xx_hal_tim_ex.c.obj
 .ARM.attributes
                0x000003a4       0x32 CMakeFiles/DEMO.dir/Drivers/STM32H7xx_HAL_Driver/Src/stm32h7xx_hal_uart.c.obj
 .ARM.attributes
                0x000003d6       0x32 CMakeFiles/DEMO.dir/Drivers/STM32H7xx_HAL_Driver/Src/stm32h7xx_hal_uart_ex.c.obj
 .ARM.attributes
                0x00000408       0x32 CMakeFiles/DEMO.dir/Core/Src/system_stm32h7xx.c.obj
 .ARM.attributes
                0x0000043a       0x32 CMakeFiles/DEMO.dir/Core/Src/sysmem.c.obj
 .ARM.attributes
                0x0000046c       0x32 CMakeFiles/DEMO.dir/Core/Src/syscalls.c.obj
 .ARM.attributes
                0x0000049e       0x21 CMakeFiles/DEMO.dir/startup_stm32h723xx.s.obj
 .ARM.attributes
                0x000004bf       0x32 e:/_tool/arm-gnu-toolchain-12.2.mpacbti-rel1-mingw-w64-i686-arm-none-eabi/bin/../lib/gcc/arm-none-eabi/12.2.1/thumb/v7e-m+dp/hard\libstdc++_nano.a(new_op.o)
 .ARM.attributes
                0x000004f1       0x32 e:/_tool/arm-gnu-toolchain-12.2.mpacbti-rel1-mingw-w64-i686-arm-none-eabi/bin/../lib/gcc/arm-none-eabi/12.2.1/thumb/v7e-m+dp/hard\libstdc++_nano.a(new_handler.o)
 .ARM.attributes
                0x00000523       0x32 e:/_tool/arm-gnu-toolchain-12.2.mpacbti-rel1-mingw-w64-i686-arm-none-eabi/bin/../lib/gcc/arm-none-eabi/12.2.1/thumb/v7e-m+dp/hard\libc_nano.a(libc_a-abort.o)
 .ARM.attributes
                0x00000555       0x32 e:/_tool/arm-gnu-toolchain-12.2.mpacbti-rel1-mingw-w64-i686-arm-none-eabi/bin/../lib/gcc/arm-none-eabi/12.2.1/thumb/v7e-m+dp/hard\libc_nano.a(libc_a-malloc.o)
 .ARM.attributes
                0x00000587       0x32 e:/_tool/arm-gnu-toolchain-12.2.mpacbti-rel1-mingw-w64-i686-arm-none-eabi/bin/../lib/gcc/arm-none-eabi/12.2.1/thumb/v7e-m+dp/hard\libc_nano.a(libc_a-mallocr.o)
 .ARM.attributes
                0x000005b9       0x32 e:/_tool/arm-gnu-toolchain-12.2.mpacbti-rel1-mingw-w64-i686-arm-none-eabi/bin/../lib/gcc/arm-none-eabi/12.2.1/thumb/v7e-m+dp/hard\libc_nano.a(libc_a-mlock.o)
 .ARM.attributes
                0x000005eb       0x32 e:/_tool/arm-gnu-toolchain-12.2.mpacbti-rel1-mingw-w64-i686-arm-none-eabi/bin/../lib/gcc/arm-none-eabi/12.2.1/thumb/v7e-m+dp/hard\libc_nano.a(libc_a-findfp.o)
 .ARM.attributes
                0x0000061d       0x32 e:/_tool/arm-gnu-toolchain-12.2.mpacbti-rel1-mingw-w64-i686-arm-none-eabi/bin/../lib/gcc/arm-none-eabi/12.2.1/thumb/v7e-m+dp/hard\libc_nano.a(libc_a-memset.o)
 .ARM.attributes
                0x0000064f       0x32 e:/_tool/arm-gnu-toolchain-12.2.mpacbti-rel1-mingw-w64-i686-arm-none-eabi/bin/../lib/gcc/arm-none-eabi/12.2.1/thumb/v7e-m+dp/hard\libc_nano.a(libc_a-signal.o)
 .ARM.attributes
                0x00000681       0x32 e:/_tool/arm-gnu-toolchain-12.2.mpacbti-rel1-mingw-w64-i686-arm-none-eabi/bin/../lib/gcc/arm-none-eabi/12.2.1/thumb/v7e-m+dp/hard\libc_nano.a(libc_a-reent.o)
 .ARM.attributes
                0x000006b3       0x32 e:/_tool/arm-gnu-toolchain-12.2.mpacbti-rel1-mingw-w64-i686-arm-none-eabi/bin/../lib/gcc/arm-none-eabi/12.2.1/thumb/v7e-m+dp/hard\libc_nano.a(libc_a-impure.o)
 .ARM.attributes
                0x000006e5       0x32 e:/_tool/arm-gnu-toolchain-12.2.mpacbti-rel1-mingw-w64-i686-arm-none-eabi/bin/../lib/gcc/arm-none-eabi/12.2.1/thumb/v7e-m+dp/hard\libc_nano.a(libc_a-signalr.o)
 .ARM.attributes
                0x00000717       0x32 e:/_tool/arm-gnu-toolchain-12.2.mpacbti-rel1-mingw-w64-i686-arm-none-eabi/bin/../lib/gcc/arm-none-eabi/12.2.1/thumb/v7e-m+dp/hard\libc_nano.a(libc_a-sbrkr.o)
 .ARM.attributes
                0x00000749       0x32 e:/_tool/arm-gnu-toolchain-12.2.mpacbti-rel1-mingw-w64-i686-arm-none-eabi/bin/../lib/gcc/arm-none-eabi/12.2.1/thumb/v7e-m+dp/hard\libc_nano.a(libc_a-errno.o)
 .ARM.attributes
                0x0000077b       0x32 e:/_tool/arm-gnu-toolchain-12.2.mpacbti-rel1-mingw-w64-i686-arm-none-eabi/bin/../lib/gcc/arm-none-eabi/12.2.1/thumb/v7e-m+dp/hard\libc_nano.a(libc_a-init.o)
 .ARM.attributes
                0x000007ad       0x32 e:/_tool/arm-gnu-toolchain-12.2.mpacbti-rel1-mingw-w64-i686-arm-none-eabi/bin/../lib/gcc/arm-none-eabi/12.2.1/thumb/v7e-m+dp/hard\libc_nano.a(libc_a-lock.o)
 .ARM.attributes
                0x000007df       0x20 e:/_tool/arm-gnu-toolchain-12.2.mpacbti-rel1-mingw-w64-i686-arm-none-eabi/bin/../lib/gcc/arm-none-eabi/12.2.1/thumb/v7e-m+dp/hard\libgcc.a(_aeabi_uldivmod.o)
 .ARM.attributes
                0x000007ff       0x32 e:/_tool/arm-gnu-toolchain-12.2.mpacbti-rel1-mingw-w64-i686-arm-none-eabi/bin/../lib/gcc/arm-none-eabi/12.2.1/thumb/v7e-m+dp/hard\libgcc.a(_udivmoddi4.o)
 .ARM.attributes
                0x00000831       0x20 e:/_tool/arm-gnu-toolchain-12.2.mpacbti-rel1-mingw-w64-i686-arm-none-eabi/bin/../lib/gcc/arm-none-eabi/12.2.1/thumb/v7e-m+dp/hard\libgcc.a(_dvmd_tls.o)
 .ARM.attributes
                0x00000851       0x32 e:/_tool/arm-gnu-toolchain-12.2.mpacbti-rel1-mingw-w64-i686-arm-none-eabi/bin/../lib/gcc/arm-none-eabi/12.2.1/thumb/v7e-m+dp/hard/crtend.o
 .ARM.attributes
                0x00000883       0x20 e:/_tool/arm-gnu-toolchain-12.2.mpacbti-rel1-mingw-w64-i686-arm-none-eabi/bin/../lib/gcc/arm-none-eabi/12.2.1/thumb/v7e-m+dp/hard/crtn.o
OUTPUT(DEMO.elf elf32-littlearm)
LOAD linker stubs
LOAD e:/_tool/arm-gnu-toolchain-12.2.mpacbti-rel1-mingw-w64-i686-arm-none-eabi/bin/../lib/gcc/arm-none-eabi/12.2.1/thumb/v7e-m+dp/hard\libc.a
LOAD e:/_tool/arm-gnu-toolchain-12.2.mpacbti-rel1-mingw-w64-i686-arm-none-eabi/bin/../lib/gcc/arm-none-eabi/12.2.1/thumb/v7e-m+dp/hard\libm.a
LOAD e:/_tool/arm-gnu-toolchain-12.2.mpacbti-rel1-mingw-w64-i686-arm-none-eabi/bin/../lib/gcc/arm-none-eabi/12.2.1/thumb/v7e-m+dp/hard\libgcc.a

.debug_info     0x00000000    0x1e12c
 .debug_info    0x00000000     0x3875 CMakeFiles/DEMO.dir/User/TMC2209.cpp.obj
 .debug_info    0x00003875     0x21a6 CMakeFiles/DEMO.dir/User/gpio_bitbang_uart.cpp.obj
 .debug_info    0x00005a1b     0x2c08 CMakeFiles/DEMO.dir/Core/Src/main.cpp.obj
 .debug_info    0x00008623      0x64b CMakeFiles/DEMO.dir/Core/Src/gpio.c.obj
 .debug_info    0x00008c6e     0x1366 CMakeFiles/DEMO.dir/Core/Src/tim.c.obj
 .debug_info    0x00009fd4     0x1095 CMakeFiles/DEMO.dir/Core/Src/usart.c.obj
 .debug_info    0x0000b069      0x860 CMakeFiles/DEMO.dir/Core/Src/stm32h7xx_it.c.obj
 .debug_info    0x0000b8c9      0x464 CMakeFiles/DEMO.dir/Core/Src/stm32h7xx_hal_msp.c.obj
 .debug_info    0x0000bd2d     0x108e CMakeFiles/DEMO.dir/Core/Src/stm32h7xx_hal_timebase_tim.c.obj
 .debug_info    0x0000cdbb     0x10a0 CMakeFiles/DEMO.dir/Drivers/STM32H7xx_HAL_Driver/Src/stm32h7xx_hal_cortex.c.obj
 .debug_info    0x0000de5b      0xd73 CMakeFiles/DEMO.dir/Drivers/STM32H7xx_HAL_Driver/Src/stm32h7xx_hal_rcc.c.obj
 .debug_info    0x0000ebce     0x11fc CMakeFiles/DEMO.dir/Drivers/STM32H7xx_HAL_Driver/Src/stm32h7xx_hal_rcc_ex.c.obj
 .debug_info    0x0000fdca      0xc5c CMakeFiles/DEMO.dir/Drivers/STM32H7xx_HAL_Driver/Src/stm32h7xx_hal_gpio.c.obj
 .debug_info    0x00010a26      0xdc4 CMakeFiles/DEMO.dir/Drivers/STM32H7xx_HAL_Driver/Src/stm32h7xx_hal_pwr_ex.c.obj
 .debug_info    0x000117ea     0x1698 CMakeFiles/DEMO.dir/Drivers/STM32H7xx_HAL_Driver/Src/stm32h7xx_hal.c.obj
 .debug_info    0x00012e82     0x2bae CMakeFiles/DEMO.dir/Drivers/STM32H7xx_HAL_Driver/Src/stm32h7xx_hal_tim.c.obj
 .debug_info    0x00015a30     0x18c1 CMakeFiles/DEMO.dir/Drivers/STM32H7xx_HAL_Driver/Src/stm32h7xx_hal_tim_ex.c.obj
 .debug_info    0x000172f1     0x4b13 CMakeFiles/DEMO.dir/Drivers/STM32H7xx_HAL_Driver/Src/stm32h7xx_hal_uart.c.obj
 .debug_info    0x0001be04      0xfbf CMakeFiles/DEMO.dir/Drivers/STM32H7xx_HAL_Driver/Src/stm32h7xx_hal_uart_ex.c.obj
 .debug_info    0x0001cdc3      0xb2e CMakeFiles/DEMO.dir/Core/Src/system_stm32h7xx.c.obj
 .debug_info    0x0001d8f1      0x168 CMakeFiles/DEMO.dir/Core/Src/sysmem.c.obj
 .debug_info    0x0001da59      0x6a3 CMakeFiles/DEMO.dir/Core/Src/syscalls.c.obj
 .debug_info    0x0001e0fc       0x30 CMakeFiles/DEMO.dir/startup_stm32h723xx.s.obj

.debug_abbrev   0x00000000     0x3817
 .debug_abbrev  0x00000000      0x60d CMakeFiles/DEMO.dir/User/TMC2209.cpp.obj
 .debug_abbrev  0x0000060d      0x421 CMakeFiles/DEMO.dir/User/gpio_bitbang_uart.cpp.obj
 .debug_abbrev  0x00000a2e      0x4c3 CMakeFiles/DEMO.dir/Core/Src/main.cpp.obj
 .debug_abbrev  0x00000ef1      0x182 CMakeFiles/DEMO.dir/Core/Src/gpio.c.obj
 .debug_abbrev  0x00001073      0x288 CMakeFiles/DEMO.dir/Core/Src/tim.c.obj
 .debug_abbrev  0x000012fb      0x241 CMakeFiles/DEMO.dir/Core/Src/usart.c.obj
 .debug_abbrev  0x0000153c      0x17f CMakeFiles/DEMO.dir/Core/Src/stm32h7xx_it.c.obj
 .debug_abbrev  0x000016bb       0xdb CMakeFiles/DEMO.dir/Core/Src/stm32h7xx_hal_msp.c.obj
 .debug_abbrev  0x00001796      0x212 CMakeFiles/DEMO.dir/Core/Src/stm32h7xx_hal_timebase_tim.c.obj
 .debug_abbrev  0x000019a8      0x339 CMakeFiles/DEMO.dir/Drivers/STM32H7xx_HAL_Driver/Src/stm32h7xx_hal_cortex.c.obj
 .debug_abbrev  0x00001ce1      0x2b1 CMakeFiles/DEMO.dir/Drivers/STM32H7xx_HAL_Driver/Src/stm32h7xx_hal_rcc.c.obj
 .debug_abbrev  0x00001f92      0x269 CMakeFiles/DEMO.dir/Drivers/STM32H7xx_HAL_Driver/Src/stm32h7xx_hal_rcc_ex.c.obj
 .debug_abbrev  0x000021fb      0x1fe CMakeFiles/DEMO.dir/Drivers/STM32H7xx_HAL_Driver/Src/stm32h7xx_hal_gpio.c.obj
 .debug_abbrev  0x000023f9      0x295 CMakeFiles/DEMO.dir/Drivers/STM32H7xx_HAL_Driver/Src/stm32h7xx_hal_pwr_ex.c.obj
 .debug_abbrev  0x0000268e      0x29e CMakeFiles/DEMO.dir/Drivers/STM32H7xx_HAL_Driver/Src/stm32h7xx_hal.c.obj
 .debug_abbrev  0x0000292c      0x276 CMakeFiles/DEMO.dir/Drivers/STM32H7xx_HAL_Driver/Src/stm32h7xx_hal_tim.c.obj
 .debug_abbrev  0x00002ba2      0x296 CMakeFiles/DEMO.dir/Drivers/STM32H7xx_HAL_Driver/Src/stm32h7xx_hal_tim_ex.c.obj
 .debug_abbrev  0x00002e38      0x33d CMakeFiles/DEMO.dir/Drivers/STM32H7xx_HAL_Driver/Src/stm32h7xx_hal_uart.c.obj
 .debug_abbrev  0x00003175      0x2d2 CMakeFiles/DEMO.dir/Drivers/STM32H7xx_HAL_Driver/Src/stm32h7xx_hal_uart_ex.c.obj
 .debug_abbrev  0x00003447      0x13a CMakeFiles/DEMO.dir/Core/Src/system_stm32h7xx.c.obj
 .debug_abbrev  0x00003581       0xbc CMakeFiles/DEMO.dir/Core/Src/sysmem.c.obj
 .debug_abbrev  0x0000363d      0x1b6 CMakeFiles/DEMO.dir/Core/Src/syscalls.c.obj
 .debug_abbrev  0x000037f3       0x24 CMakeFiles/DEMO.dir/startup_stm32h723xx.s.obj

.debug_aranges  0x00000000     0x1268
 .debug_aranges
                0x00000000       0xc0 CMakeFiles/DEMO.dir/User/TMC2209.cpp.obj
 .debug_aranges
                0x000000c0       0x68 CMakeFiles/DEMO.dir/User/gpio_bitbang_uart.cpp.obj
 .debug_aranges
                0x00000128       0x40 CMakeFiles/DEMO.dir/Core/Src/main.cpp.obj
 .debug_aranges
                0x00000168       0x20 CMakeFiles/DEMO.dir/Core/Src/gpio.c.obj
 .debug_aranges
                0x00000188       0x48 CMakeFiles/DEMO.dir/Core/Src/tim.c.obj
 .debug_aranges
                0x000001d0       0x30 CMakeFiles/DEMO.dir/Core/Src/usart.c.obj
 .debug_aranges
                0x00000200       0x80 CMakeFiles/DEMO.dir/Core/Src/stm32h7xx_it.c.obj
 .debug_aranges
                0x00000280       0x20 CMakeFiles/DEMO.dir/Core/Src/stm32h7xx_hal_msp.c.obj
 .debug_aranges
                0x000002a0       0x30 CMakeFiles/DEMO.dir/Core/Src/stm32h7xx_hal_timebase_tim.c.obj
 .debug_aranges
                0x000002d0      0x130 CMakeFiles/DEMO.dir/Drivers/STM32H7xx_HAL_Driver/Src/stm32h7xx_hal_cortex.c.obj
 .debug_aranges
                0x00000400       0x88 CMakeFiles/DEMO.dir/Drivers/STM32H7xx_HAL_Driver/Src/stm32h7xx_hal_rcc.c.obj
 .debug_aranges
                0x00000488       0xf8 CMakeFiles/DEMO.dir/Drivers/STM32H7xx_HAL_Driver/Src/stm32h7xx_hal_rcc_ex.c.obj
 .debug_aranges
                0x00000580       0x58 CMakeFiles/DEMO.dir/Drivers/STM32H7xx_HAL_Driver/Src/stm32h7xx_hal_gpio.c.obj
 .debug_aranges
                0x000005d8      0x148 CMakeFiles/DEMO.dir/Drivers/STM32H7xx_HAL_Driver/Src/stm32h7xx_hal_pwr_ex.c.obj
 .debug_aranges
                0x00000720      0x1c8 CMakeFiles/DEMO.dir/Drivers/STM32H7xx_HAL_Driver/Src/stm32h7xx_hal.c.obj
 .debug_aranges
                0x000008e8      0x3e0 CMakeFiles/DEMO.dir/Drivers/STM32H7xx_HAL_Driver/Src/stm32h7xx_hal_tim.c.obj
 .debug_aranges
                0x00000cc8      0x198 CMakeFiles/DEMO.dir/Drivers/STM32H7xx_HAL_Driver/Src/stm32h7xx_hal_tim_ex.c.obj
 .debug_aranges
                0x00000e60      0x248 CMakeFiles/DEMO.dir/Drivers/STM32H7xx_HAL_Driver/Src/stm32h7xx_hal_uart.c.obj
 .debug_aranges
                0x000010a8       0xa8 CMakeFiles/DEMO.dir/Drivers/STM32H7xx_HAL_Driver/Src/stm32h7xx_hal_uart_ex.c.obj
 .debug_aranges
                0x00001150       0x28 CMakeFiles/DEMO.dir/Core/Src/system_stm32h7xx.c.obj
 .debug_aranges
                0x00001178       0x20 CMakeFiles/DEMO.dir/Core/Src/sysmem.c.obj
 .debug_aranges
                0x00001198       0xa8 CMakeFiles/DEMO.dir/Core/Src/syscalls.c.obj
 .debug_aranges
                0x00001240       0x28 CMakeFiles/DEMO.dir/startup_stm32h723xx.s.obj

.debug_rnglists
                0x00000000      0xe3f
 .debug_rnglists
                0x00000000       0x8e CMakeFiles/DEMO.dir/User/TMC2209.cpp.obj
 .debug_rnglists
                0x0000008e       0x4b CMakeFiles/DEMO.dir/User/gpio_bitbang_uart.cpp.obj
 .debug_rnglists
                0x000000d9       0x2d CMakeFiles/DEMO.dir/Core/Src/main.cpp.obj
 .debug_rnglists
                0x00000106       0x14 CMakeFiles/DEMO.dir/Core/Src/gpio.c.obj
 .debug_rnglists
                0x0000011a       0x37 CMakeFiles/DEMO.dir/Core/Src/tim.c.obj
 .debug_rnglists
                0x00000151       0x21 CMakeFiles/DEMO.dir/Core/Src/usart.c.obj
 .debug_rnglists
                0x00000172       0x5b CMakeFiles/DEMO.dir/Core/Src/stm32h7xx_it.c.obj
 .debug_rnglists
                0x000001cd       0x13 CMakeFiles/DEMO.dir/Core/Src/stm32h7xx_hal_msp.c.obj
 .debug_rnglists
                0x000001e0       0x20 CMakeFiles/DEMO.dir/Core/Src/stm32h7xx_hal_timebase_tim.c.obj
 .debug_rnglists
                0x00000200       0xe0 CMakeFiles/DEMO.dir/Drivers/STM32H7xx_HAL_Driver/Src/stm32h7xx_hal_cortex.c.obj
 .debug_rnglists
                0x000002e0       0x68 CMakeFiles/DEMO.dir/Drivers/STM32H7xx_HAL_Driver/Src/stm32h7xx_hal_rcc.c.obj
 .debug_rnglists
                0x00000348       0xc0 CMakeFiles/DEMO.dir/Drivers/STM32H7xx_HAL_Driver/Src/stm32h7xx_hal_rcc_ex.c.obj
 .debug_rnglists
                0x00000408       0x3f CMakeFiles/DEMO.dir/Drivers/STM32H7xx_HAL_Driver/Src/stm32h7xx_hal_gpio.c.obj
 .debug_rnglists
                0x00000447       0xf5 CMakeFiles/DEMO.dir/Drivers/STM32H7xx_HAL_Driver/Src/stm32h7xx_hal_pwr_ex.c.obj
 .debug_rnglists
                0x0000053c      0x155 CMakeFiles/DEMO.dir/Drivers/STM32H7xx_HAL_Driver/Src/stm32h7xx_hal.c.obj
 .debug_rnglists
                0x00000691      0x328 CMakeFiles/DEMO.dir/Drivers/STM32H7xx_HAL_Driver/Src/stm32h7xx_hal_tim.c.obj
 .debug_rnglists
                0x000009b9      0x14d CMakeFiles/DEMO.dir/Drivers/STM32H7xx_HAL_Driver/Src/stm32h7xx_hal_tim_ex.c.obj
 .debug_rnglists
                0x00000b06      0x1fa CMakeFiles/DEMO.dir/Drivers/STM32H7xx_HAL_Driver/Src/stm32h7xx_hal_uart.c.obj
 .debug_rnglists
                0x00000d00       0x7f CMakeFiles/DEMO.dir/Drivers/STM32H7xx_HAL_Driver/Src/stm32h7xx_hal_uart_ex.c.obj
 .debug_rnglists
                0x00000d7f       0x1b CMakeFiles/DEMO.dir/Core/Src/system_stm32h7xx.c.obj
 .debug_rnglists
                0x00000d9a       0x13 CMakeFiles/DEMO.dir/Core/Src/sysmem.c.obj
 .debug_rnglists
                0x00000dad       0x79 CMakeFiles/DEMO.dir/Core/Src/syscalls.c.obj
 .debug_rnglists
                0x00000e26       0x19 CMakeFiles/DEMO.dir/startup_stm32h723xx.s.obj

.debug_macro    0x00000000    0x3847e
 .debug_macro   0x00000000      0x4f7 CMakeFiles/DEMO.dir/User/TMC2209.cpp.obj
 .debug_macro   0x000004f7      0xc28 CMakeFiles/DEMO.dir/User/TMC2209.cpp.obj
 .debug_macro   0x0000111f      0x238 CMakeFiles/DEMO.dir/User/TMC2209.cpp.obj
 .debug_macro   0x00001357       0x2e CMakeFiles/DEMO.dir/User/TMC2209.cpp.obj
 .debug_macro   0x00001385       0x3b CMakeFiles/DEMO.dir/User/TMC2209.cpp.obj
 .debug_macro   0x000013c0       0x1c CMakeFiles/DEMO.dir/User/TMC2209.cpp.obj
 .debug_macro   0x000013dc       0x22 CMakeFiles/DEMO.dir/User/TMC2209.cpp.obj
 .debug_macro   0x000013fe       0x56 CMakeFiles/DEMO.dir/User/TMC2209.cpp.obj
 .debug_macro   0x00001454       0x51 CMakeFiles/DEMO.dir/User/TMC2209.cpp.obj
 .debug_macro   0x000014a5      0x103 CMakeFiles/DEMO.dir/User/TMC2209.cpp.obj
 .debug_macro   0x000015a8       0x6a CMakeFiles/DEMO.dir/User/TMC2209.cpp.obj
 .debug_macro   0x00001612      0x1df CMakeFiles/DEMO.dir/User/TMC2209.cpp.obj
 .debug_macro   0x000017f1       0x1c CMakeFiles/DEMO.dir/User/TMC2209.cpp.obj
 .debug_macro   0x0000180d       0x22 CMakeFiles/DEMO.dir/User/TMC2209.cpp.obj
 .debug_macro   0x0000182f       0xfb CMakeFiles/DEMO.dir/User/TMC2209.cpp.obj
 .debug_macro   0x0000192a     0x1305 CMakeFiles/DEMO.dir/User/TMC2209.cpp.obj
 .debug_macro   0x00002c2f      0x11f CMakeFiles/DEMO.dir/User/TMC2209.cpp.obj
 .debug_macro   0x00002d4e       0x27 CMakeFiles/DEMO.dir/User/TMC2209.cpp.obj
 .debug_macro   0x00002d75    0x2127f CMakeFiles/DEMO.dir/User/TMC2209.cpp.obj
 .debug_macro   0x00023ff4       0x6d CMakeFiles/DEMO.dir/User/TMC2209.cpp.obj
 .debug_macro   0x00024061     0x3d64 CMakeFiles/DEMO.dir/User/TMC2209.cpp.obj
 .debug_macro   0x00027dc5      0x190 CMakeFiles/DEMO.dir/User/TMC2209.cpp.obj
 .debug_macro   0x00027f55      0x1d6 CMakeFiles/DEMO.dir/User/TMC2209.cpp.obj
 .debug_macro   0x0002812b       0x10 CMakeFiles/DEMO.dir/User/TMC2209.cpp.obj
 .debug_macro   0x0002813b       0xc1 CMakeFiles/DEMO.dir/User/TMC2209.cpp.obj
 .debug_macro   0x000281fc      0x103 CMakeFiles/DEMO.dir/User/TMC2209.cpp.obj
 .debug_macro   0x000282ff      0x345 CMakeFiles/DEMO.dir/User/TMC2209.cpp.obj
 .debug_macro   0x00028644       0x18 CMakeFiles/DEMO.dir/User/TMC2209.cpp.obj
 .debug_macro   0x0002865c       0x7b CMakeFiles/DEMO.dir/User/TMC2209.cpp.obj
 .debug_macro   0x000286d7       0x29 CMakeFiles/DEMO.dir/User/TMC2209.cpp.obj
 .debug_macro   0x00028700       0x3c CMakeFiles/DEMO.dir/User/TMC2209.cpp.obj
 .debug_macro   0x0002873c       0x34 CMakeFiles/DEMO.dir/User/TMC2209.cpp.obj
 .debug_macro   0x00028770       0x16 CMakeFiles/DEMO.dir/User/TMC2209.cpp.obj
 .debug_macro   0x00028786       0x43 CMakeFiles/DEMO.dir/User/TMC2209.cpp.obj
 .debug_macro   0x000287c9       0x34 CMakeFiles/DEMO.dir/User/TMC2209.cpp.obj
 .debug_macro   0x000287fd       0x10 CMakeFiles/DEMO.dir/User/TMC2209.cpp.obj
 .debug_macro   0x0002880d       0x58 CMakeFiles/DEMO.dir/User/TMC2209.cpp.obj
 .debug_macro   0x00028865      0x1de CMakeFiles/DEMO.dir/User/TMC2209.cpp.obj
 .debug_macro   0x00028a43      0x38c CMakeFiles/DEMO.dir/User/TMC2209.cpp.obj
 .debug_macro   0x00028dcf       0xe5 CMakeFiles/DEMO.dir/User/TMC2209.cpp.obj
 .debug_macro   0x00028eb4       0x10 CMakeFiles/DEMO.dir/User/TMC2209.cpp.obj
 .debug_macro   0x00028ec4       0x16 CMakeFiles/DEMO.dir/User/TMC2209.cpp.obj
 .debug_macro   0x00028eda       0x35 CMakeFiles/DEMO.dir/User/TMC2209.cpp.obj
 .debug_macro   0x00028f0f       0x22 CMakeFiles/DEMO.dir/User/TMC2209.cpp.obj
 .debug_macro   0x00028f31       0x10 CMakeFiles/DEMO.dir/User/TMC2209.cpp.obj
 .debug_macro   0x00028f41      0x3ce CMakeFiles/DEMO.dir/User/TMC2209.cpp.obj
 .debug_macro   0x0002930f       0x16 CMakeFiles/DEMO.dir/User/TMC2209.cpp.obj
 .debug_macro   0x00029325       0x1c CMakeFiles/DEMO.dir/User/TMC2209.cpp.obj
 .debug_macro   0x00029341       0x4f CMakeFiles/DEMO.dir/User/TMC2209.cpp.obj
 .debug_macro   0x00029390       0x6a CMakeFiles/DEMO.dir/User/TMC2209.cpp.obj
 .debug_macro   0x000293fa       0x26 CMakeFiles/DEMO.dir/User/TMC2209.cpp.obj
 .debug_macro   0x00029420       0x18 CMakeFiles/DEMO.dir/User/TMC2209.cpp.obj
 .debug_macro   0x00029438       0x19 CMakeFiles/DEMO.dir/User/TMC2209.cpp.obj
 .debug_macro   0x00029451       0x28 CMakeFiles/DEMO.dir/User/TMC2209.cpp.obj
 .debug_macro   0x00029479       0x2e CMakeFiles/DEMO.dir/User/TMC2209.cpp.obj
 .debug_macro   0x000294a7       0x1f CMakeFiles/DEMO.dir/User/TMC2209.cpp.obj
 .debug_macro   0x000294c6       0x88 CMakeFiles/DEMO.dir/User/TMC2209.cpp.obj
 .debug_macro   0x0002954e       0x19 CMakeFiles/DEMO.dir/User/TMC2209.cpp.obj
 .debug_macro   0x00029567      0x120 CMakeFiles/DEMO.dir/User/TMC2209.cpp.obj
 .debug_macro   0x00029687       0x11 CMakeFiles/DEMO.dir/User/TMC2209.cpp.obj
 .debug_macro   0x00029698       0x17 CMakeFiles/DEMO.dir/User/TMC2209.cpp.obj
 .debug_macro   0x000296af       0x17 CMakeFiles/DEMO.dir/User/TMC2209.cpp.obj
 .debug_macro   0x000296c6       0x17 CMakeFiles/DEMO.dir/User/TMC2209.cpp.obj
 .debug_macro   0x000296dd       0x17 CMakeFiles/DEMO.dir/User/TMC2209.cpp.obj
 .debug_macro   0x000296f4       0x17 CMakeFiles/DEMO.dir/User/TMC2209.cpp.obj
 .debug_macro   0x0002970b       0x17 CMakeFiles/DEMO.dir/User/TMC2209.cpp.obj
 .debug_macro   0x00029722       0x5d CMakeFiles/DEMO.dir/User/TMC2209.cpp.obj
 .debug_macro   0x0002977f     0x2462 CMakeFiles/DEMO.dir/User/TMC2209.cpp.obj
 .debug_macro   0x0002bbe1     0x1079 CMakeFiles/DEMO.dir/User/TMC2209.cpp.obj
 .debug_macro   0x0002cc5a      0x154 CMakeFiles/DEMO.dir/User/TMC2209.cpp.obj
 .debug_macro   0x0002cdae      0x114 CMakeFiles/DEMO.dir/User/TMC2209.cpp.obj
 .debug_macro   0x0002cec2      0x3fc CMakeFiles/DEMO.dir/User/TMC2209.cpp.obj
 .debug_macro   0x0002d2be       0xac CMakeFiles/DEMO.dir/User/TMC2209.cpp.obj
 .debug_macro   0x0002d36a      0x788 CMakeFiles/DEMO.dir/User/TMC2209.cpp.obj
 .debug_macro   0x0002daf2      0x228 CMakeFiles/DEMO.dir/User/TMC2209.cpp.obj
 .debug_macro   0x0002dd1a       0x66 CMakeFiles/DEMO.dir/User/TMC2209.cpp.obj
 .debug_macro   0x0002dd80      0x3a6 CMakeFiles/DEMO.dir/User/TMC2209.cpp.obj
 .debug_macro   0x0002e126      0x3f9 CMakeFiles/DEMO.dir/User/TMC2209.cpp.obj
 .debug_macro   0x0002e51f      0x275 CMakeFiles/DEMO.dir/User/TMC2209.cpp.obj
 .debug_macro   0x0002e794      0x3ca CMakeFiles/DEMO.dir/User/TMC2209.cpp.obj
 .debug_macro   0x0002eb5e      0x45c CMakeFiles/DEMO.dir/User/TMC2209.cpp.obj
 .debug_macro   0x0002efba       0x3c CMakeFiles/DEMO.dir/User/TMC2209.cpp.obj
 .debug_macro   0x0002eff6       0x4a CMakeFiles/DEMO.dir/User/TMC2209.cpp.obj
 .debug_macro   0x0002f040      0x22c CMakeFiles/DEMO.dir/User/TMC2209.cpp.obj
 .debug_macro   0x0002f26c       0x67 CMakeFiles/DEMO.dir/User/TMC2209.cpp.obj
 .debug_macro   0x0002f2d3       0xa5 CMakeFiles/DEMO.dir/User/TMC2209.cpp.obj
 .debug_macro   0x0002f378      0x1c4 CMakeFiles/DEMO.dir/User/TMC2209.cpp.obj
 .debug_macro   0x0002f53c      0x22a CMakeFiles/DEMO.dir/User/TMC2209.cpp.obj
 .debug_macro   0x0002f766       0x35 CMakeFiles/DEMO.dir/User/TMC2209.cpp.obj
 .debug_macro   0x0002f79b      0xb24 CMakeFiles/DEMO.dir/User/TMC2209.cpp.obj
 .debug_macro   0x000302bf      0x29f CMakeFiles/DEMO.dir/User/TMC2209.cpp.obj
 .debug_macro   0x0003055e      0x693 CMakeFiles/DEMO.dir/User/TMC2209.cpp.obj
 .debug_macro   0x00030bf1       0xa6 CMakeFiles/DEMO.dir/User/TMC2209.cpp.obj
 .debug_macro   0x00030c97      0x5e6 CMakeFiles/DEMO.dir/User/TMC2209.cpp.obj
 .debug_macro   0x0003127d       0x10 CMakeFiles/DEMO.dir/User/TMC2209.cpp.obj
 .debug_macro   0x0003128d       0x9a CMakeFiles/DEMO.dir/User/TMC2209.cpp.obj
 .debug_macro   0x00031327       0x16 CMakeFiles/DEMO.dir/User/TMC2209.cpp.obj
 .debug_macro   0x0003133d       0x8e CMakeFiles/DEMO.dir/User/TMC2209.cpp.obj
 .debug_macro   0x000313cb       0x1c CMakeFiles/DEMO.dir/User/TMC2209.cpp.obj
 .debug_macro   0x000313e7       0x10 CMakeFiles/DEMO.dir/User/TMC2209.cpp.obj
 .debug_macro   0x000313f7       0x16 CMakeFiles/DEMO.dir/User/TMC2209.cpp.obj
 .debug_macro   0x0003140d       0x16 CMakeFiles/DEMO.dir/User/TMC2209.cpp.obj
 .debug_macro   0x00031423      0x115 CMakeFiles/DEMO.dir/User/TMC2209.cpp.obj
 .debug_macro   0x00031538      0x11d CMakeFiles/DEMO.dir/User/TMC2209.cpp.obj
 .debug_macro   0x00031655      0x47a CMakeFiles/DEMO.dir/User/gpio_bitbang_uart.cpp.obj
 .debug_macro   0x00031acf      0x4be CMakeFiles/DEMO.dir/Core/Src/main.cpp.obj
 .debug_macro   0x00031f8d       0x94 CMakeFiles/DEMO.dir/Core/Src/main.cpp.obj
 .debug_macro   0x00032021      0x2b2 CMakeFiles/DEMO.dir/Core/Src/gpio.c.obj
 .debug_macro   0x000322d3      0xae4 CMakeFiles/DEMO.dir/Core/Src/gpio.c.obj
 .debug_macro   0x00032db7       0x8e CMakeFiles/DEMO.dir/Core/Src/gpio.c.obj
 .debug_macro   0x00032e45     0x1305 CMakeFiles/DEMO.dir/Core/Src/gpio.c.obj
 .debug_macro   0x0003414a      0x189 CMakeFiles/DEMO.dir/Core/Src/gpio.c.obj
 .debug_macro   0x000342d3       0x34 CMakeFiles/DEMO.dir/Core/Src/gpio.c.obj
 .debug_macro   0x00034307       0x43 CMakeFiles/DEMO.dir/Core/Src/gpio.c.obj
 .debug_macro   0x0003434a      0x369 CMakeFiles/DEMO.dir/Core/Src/gpio.c.obj
 .debug_macro   0x000346b3      0x19b CMakeFiles/DEMO.dir/Core/Src/gpio.c.obj
 .debug_macro   0x0003484e      0x2b2 CMakeFiles/DEMO.dir/Core/Src/tim.c.obj
 .debug_macro   0x00034b00      0x2b2 CMakeFiles/DEMO.dir/Core/Src/usart.c.obj
 .debug_macro   0x00034db2      0x2b2 CMakeFiles/DEMO.dir/Core/Src/stm32h7xx_it.c.obj
 .debug_macro   0x00035064      0x2a8 CMakeFiles/DEMO.dir/Core/Src/stm32h7xx_hal_msp.c.obj
 .debug_macro   0x0003530c      0x299 CMakeFiles/DEMO.dir/Core/Src/stm32h7xx_hal_timebase_tim.c.obj
 .debug_macro   0x000355a5      0x299 CMakeFiles/DEMO.dir/Drivers/STM32H7xx_HAL_Driver/Src/stm32h7xx_hal_cortex.c.obj
 .debug_macro   0x0003583e      0x2bd CMakeFiles/DEMO.dir/Drivers/STM32H7xx_HAL_Driver/Src/stm32h7xx_hal_rcc.c.obj
 .debug_macro   0x00035afb      0x2b7 CMakeFiles/DEMO.dir/Drivers/STM32H7xx_HAL_Driver/Src/stm32h7xx_hal_rcc_ex.c.obj
 .debug_macro   0x00035db2      0x2a0 CMakeFiles/DEMO.dir/Drivers/STM32H7xx_HAL_Driver/Src/stm32h7xx_hal_gpio.c.obj
 .debug_macro   0x00036052      0x2d2 CMakeFiles/DEMO.dir/Drivers/STM32H7xx_HAL_Driver/Src/stm32h7xx_hal_pwr_ex.c.obj
 .debug_macro   0x00036324      0x2c3 CMakeFiles/DEMO.dir/Drivers/STM32H7xx_HAL_Driver/Src/stm32h7xx_hal.c.obj
 .debug_macro   0x000365e7      0x29a CMakeFiles/DEMO.dir/Drivers/STM32H7xx_HAL_Driver/Src/stm32h7xx_hal_tim.c.obj
 .debug_macro   0x00036881      0x29f CMakeFiles/DEMO.dir/Drivers/STM32H7xx_HAL_Driver/Src/stm32h7xx_hal_tim_ex.c.obj
 .debug_macro   0x00036b20      0x2c4 CMakeFiles/DEMO.dir/Drivers/STM32H7xx_HAL_Driver/Src/stm32h7xx_hal_uart.c.obj
 .debug_macro   0x00036de4      0x2a5 CMakeFiles/DEMO.dir/Drivers/STM32H7xx_HAL_Driver/Src/stm32h7xx_hal_uart_ex.c.obj
 .debug_macro   0x00037089      0x299 CMakeFiles/DEMO.dir/Core/Src/system_stm32h7xx.c.obj
 .debug_macro   0x00037322       0xec CMakeFiles/DEMO.dir/Core/Src/sysmem.c.obj
 .debug_macro   0x0003740e       0x10 CMakeFiles/DEMO.dir/Core/Src/sysmem.c.obj
 .debug_macro   0x0003741e       0x75 CMakeFiles/DEMO.dir/Core/Src/sysmem.c.obj
 .debug_macro   0x00037493       0x94 CMakeFiles/DEMO.dir/Core/Src/sysmem.c.obj
 .debug_macro   0x00037527       0x57 CMakeFiles/DEMO.dir/Core/Src/sysmem.c.obj
 .debug_macro   0x0003757e      0x23c CMakeFiles/DEMO.dir/Core/Src/sysmem.c.obj
 .debug_macro   0x000377ba      0x265 CMakeFiles/DEMO.dir/Core/Src/syscalls.c.obj
 .debug_macro   0x00037a1f       0x10 CMakeFiles/DEMO.dir/Core/Src/syscalls.c.obj
 .debug_macro   0x00037a2f       0x35 CMakeFiles/DEMO.dir/Core/Src/syscalls.c.obj
 .debug_macro   0x00037a64       0x10 CMakeFiles/DEMO.dir/Core/Src/syscalls.c.obj
 .debug_macro   0x00037a74       0x10 CMakeFiles/DEMO.dir/Core/Src/syscalls.c.obj
 .debug_macro   0x00037a84       0x10 CMakeFiles/DEMO.dir/Core/Src/syscalls.c.obj
 .debug_macro   0x00037a94       0x1c CMakeFiles/DEMO.dir/Core/Src/syscalls.c.obj
 .debug_macro   0x00037ab0       0x52 CMakeFiles/DEMO.dir/Core/Src/syscalls.c.obj
 .debug_macro   0x00037b02       0x22 CMakeFiles/DEMO.dir/Core/Src/syscalls.c.obj
 .debug_macro   0x00037b24       0x10 CMakeFiles/DEMO.dir/Core/Src/syscalls.c.obj
 .debug_macro   0x00037b34       0x52 CMakeFiles/DEMO.dir/Core/Src/syscalls.c.obj
 .debug_macro   0x00037b86       0xcf CMakeFiles/DEMO.dir/Core/Src/syscalls.c.obj
 .debug_macro   0x00037c55       0x1c CMakeFiles/DEMO.dir/Core/Src/syscalls.c.obj
 .debug_macro   0x00037c71       0x3d CMakeFiles/DEMO.dir/Core/Src/syscalls.c.obj
 .debug_macro   0x00037cae       0x35 CMakeFiles/DEMO.dir/Core/Src/syscalls.c.obj
 .debug_macro   0x00037ce3      0x12c CMakeFiles/DEMO.dir/Core/Src/syscalls.c.obj
 .debug_macro   0x00037e0f       0x16 CMakeFiles/DEMO.dir/Core/Src/syscalls.c.obj
 .debug_macro   0x00037e25       0x29 CMakeFiles/DEMO.dir/Core/Src/syscalls.c.obj
 .debug_macro   0x00037e4e      0x242 CMakeFiles/DEMO.dir/Core/Src/syscalls.c.obj
 .debug_macro   0x00038090       0x10 CMakeFiles/DEMO.dir/Core/Src/syscalls.c.obj
 .debug_macro   0x000380a0      0x170 CMakeFiles/DEMO.dir/Core/Src/syscalls.c.obj
 .debug_macro   0x00038210      0x18a CMakeFiles/DEMO.dir/Core/Src/syscalls.c.obj
 .debug_macro   0x0003839a       0x16 CMakeFiles/DEMO.dir/Core/Src/syscalls.c.obj
 .debug_macro   0x000383b0       0xce CMakeFiles/DEMO.dir/Core/Src/syscalls.c.obj

.debug_line     0x00000000    0x17945
 .debug_line    0x00000000     0x1228 CMakeFiles/DEMO.dir/User/TMC2209.cpp.obj
 .debug_line    0x00001228      0xf4f CMakeFiles/DEMO.dir/User/gpio_bitbang_uart.cpp.obj
 .debug_line    0x00002177      0xedf CMakeFiles/DEMO.dir/Core/Src/main.cpp.obj
 .debug_line    0x00003056      0x744 CMakeFiles/DEMO.dir/Core/Src/gpio.c.obj
 .debug_line    0x0000379a      0x8fa CMakeFiles/DEMO.dir/Core/Src/tim.c.obj
 .debug_line    0x00004094      0x7b8 CMakeFiles/DEMO.dir/Core/Src/usart.c.obj
 .debug_line    0x0000484c      0x835 CMakeFiles/DEMO.dir/Core/Src/stm32h7xx_it.c.obj
 .debug_line    0x00005081      0x717 CMakeFiles/DEMO.dir/Core/Src/stm32h7xx_hal_msp.c.obj
 .debug_line    0x00005798      0x780 CMakeFiles/DEMO.dir/Core/Src/stm32h7xx_hal_timebase_tim.c.obj
 .debug_line    0x00005f18      0xcf7 CMakeFiles/DEMO.dir/Drivers/STM32H7xx_HAL_Driver/Src/stm32h7xx_hal_cortex.c.obj
 .debug_line    0x00006c0f     0x11ef CMakeFiles/DEMO.dir/Drivers/STM32H7xx_HAL_Driver/Src/stm32h7xx_hal_rcc.c.obj
 .debug_line    0x00007dfe     0x1abe CMakeFiles/DEMO.dir/Drivers/STM32H7xx_HAL_Driver/Src/stm32h7xx_hal_rcc_ex.c.obj
 .debug_line    0x000098bc      0xb8c CMakeFiles/DEMO.dir/Drivers/STM32H7xx_HAL_Driver/Src/stm32h7xx_hal_gpio.c.obj
 .debug_line    0x0000a448      0xd46 CMakeFiles/DEMO.dir/Drivers/STM32H7xx_HAL_Driver/Src/stm32h7xx_hal_pwr_ex.c.obj
 .debug_line    0x0000b18e      0xd59 CMakeFiles/DEMO.dir/Drivers/STM32H7xx_HAL_Driver/Src/stm32h7xx_hal.c.obj
 .debug_line    0x0000bee7     0x3eea CMakeFiles/DEMO.dir/Drivers/STM32H7xx_HAL_Driver/Src/stm32h7xx_hal_tim.c.obj
 .debug_line    0x0000fdd1     0x1dbc CMakeFiles/DEMO.dir/Drivers/STM32H7xx_HAL_Driver/Src/stm32h7xx_hal_tim_ex.c.obj
 .debug_line    0x00011b8d     0x3db5 CMakeFiles/DEMO.dir/Drivers/STM32H7xx_HAL_Driver/Src/stm32h7xx_hal_uart.c.obj
 .debug_line    0x00015942      0xd66 CMakeFiles/DEMO.dir/Drivers/STM32H7xx_HAL_Driver/Src/stm32h7xx_hal_uart_ex.c.obj
 .debug_line    0x000166a8      0x8c8 CMakeFiles/DEMO.dir/Core/Src/system_stm32h7xx.c.obj
 .debug_line    0x00016f70      0x316 CMakeFiles/DEMO.dir/Core/Src/sysmem.c.obj
 .debug_line    0x00017286      0x645 CMakeFiles/DEMO.dir/Core/Src/syscalls.c.obj
 .debug_line    0x000178cb       0x7a CMakeFiles/DEMO.dir/startup_stm32h723xx.s.obj

.debug_str      0x00000000   0x154b77
 .debug_str     0x00000000   0x14c8f9 CMakeFiles/DEMO.dir/User/TMC2209.cpp.obj
                             0x14d294 (size before relaxing)
 .debug_str     0x0014c8f9      0x215 CMakeFiles/DEMO.dir/User/gpio_bitbang_uart.cpp.obj
                             0x14b942 (size before relaxing)
 .debug_str     0x0014cb0e      0x3ee CMakeFiles/DEMO.dir/Core/Src/main.cpp.obj
                             0x14cad1 (size before relaxing)
 .debug_str     0x0014cefc      0x89c CMakeFiles/DEMO.dir/Core/Src/gpio.c.obj
                             0x145620 (size before relaxing)
 .debug_str     0x0014d798      0x933 CMakeFiles/DEMO.dir/Core/Src/tim.c.obj
                             0x146626 (size before relaxing)
 .debug_str     0x0014e0cb      0x609 CMakeFiles/DEMO.dir/Core/Src/usart.c.obj
                             0x145fb0 (size before relaxing)
 .debug_str     0x0014e6d4      0x127 CMakeFiles/DEMO.dir/Core/Src/stm32h7xx_it.c.obj
                             0x145a6a (size before relaxing)
 .debug_str     0x0014e7fb       0x4c CMakeFiles/DEMO.dir/Core/Src/stm32h7xx_hal_msp.c.obj
                             0x145555 (size before relaxing)
 .debug_str     0x0014e847      0x111 CMakeFiles/DEMO.dir/Core/Src/stm32h7xx_hal_timebase_tim.c.obj
                             0x146306 (size before relaxing)
 .debug_str     0x0014e958      0x410 CMakeFiles/DEMO.dir/Drivers/STM32H7xx_HAL_Driver/Src/stm32h7xx_hal_cortex.c.obj
                             0x145f8c (size before relaxing)
 .debug_str     0x0014ed68      0x358 CMakeFiles/DEMO.dir/Drivers/STM32H7xx_HAL_Driver/Src/stm32h7xx_hal_rcc.c.obj
                             0x1459b6 (size before relaxing)
 .debug_str     0x0014f0c0      0x721 CMakeFiles/DEMO.dir/Drivers/STM32H7xx_HAL_Driver/Src/stm32h7xx_hal_rcc_ex.c.obj
                             0x145ece (size before relaxing)
 .debug_str     0x0014f7e1      0x16d CMakeFiles/DEMO.dir/Drivers/STM32H7xx_HAL_Driver/Src/stm32h7xx_hal_gpio.c.obj
                             0x145633 (size before relaxing)
 .debug_str     0x0014f94e      0x607 CMakeFiles/DEMO.dir/Drivers/STM32H7xx_HAL_Driver/Src/stm32h7xx_hal_pwr_ex.c.obj
                             0x145a3b (size before relaxing)
 .debug_str     0x0014ff55      0x79a CMakeFiles/DEMO.dir/Drivers/STM32H7xx_HAL_Driver/Src/stm32h7xx_hal.c.obj
                             0x146672 (size before relaxing)
 .debug_str     0x001506ef      0xdc4 CMakeFiles/DEMO.dir/Drivers/STM32H7xx_HAL_Driver/Src/stm32h7xx_hal_tim.c.obj
                             0x1467b4 (size before relaxing)
 .debug_str     0x001514b3      0x61f CMakeFiles/DEMO.dir/Drivers/STM32H7xx_HAL_Driver/Src/stm32h7xx_hal_tim_ex.c.obj
                             0x146161 (size before relaxing)
 .debug_str     0x00151ad2      0xa78 CMakeFiles/DEMO.dir/Drivers/STM32H7xx_HAL_Driver/Src/stm32h7xx_hal_uart.c.obj
                             0x146556 (size before relaxing)
 .debug_str     0x0015254a      0x286 CMakeFiles/DEMO.dir/Drivers/STM32H7xx_HAL_Driver/Src/stm32h7xx_hal_uart_ex.c.obj
                             0x145b16 (size before relaxing)
 .debug_str     0x001527d0       0x60 CMakeFiles/DEMO.dir/Core/Src/system_stm32h7xx.c.obj
                             0x1455e8 (size before relaxing)
 .debug_str     0x00152830      0x4fc CMakeFiles/DEMO.dir/Core/Src/sysmem.c.obj
                               0x5b82 (size before relaxing)
 .debug_str     0x00152d2c     0x1df6 CMakeFiles/DEMO.dir/Core/Src/syscalls.c.obj
                               0x943a (size before relaxing)
 .debug_str     0x00154b22       0x55 CMakeFiles/DEMO.dir/startup_stm32h723xx.s.obj
                                 0x8a (size before relaxing)

.comment        0x00000000       0x55
 .comment       0x00000000       0x55 CMakeFiles/DEMO.dir/User/TMC2209.cpp.obj
                                 0x56 (size before relaxing)
 .comment       0x00000055       0x56 CMakeFiles/DEMO.dir/User/gpio_bitbang_uart.cpp.obj
 .comment       0x00000055       0x56 CMakeFiles/DEMO.dir/Core/Src/main.cpp.obj
 .comment       0x00000055       0x56 CMakeFiles/DEMO.dir/Core/Src/gpio.c.obj
 .comment       0x00000055       0x56 CMakeFiles/DEMO.dir/Core/Src/tim.c.obj
 .comment       0x00000055       0x56 CMakeFiles/DEMO.dir/Core/Src/usart.c.obj